 vfp2c32

 Timestamp is 5e5b5eb5 (Sun Mar 01 08:05:25 2020)

 Preferred load address is 10000000

 Start         Length     Name                   Class
 0001:00000000 0002fd98H .text                   CODE
 0001:0002fd98 00001c0eH .text$x                 CODE
 0001:000319a6 00000059H .text$yc                CODE
 0001:000319ff 00000042H .text$yd                CODE
 0002:00000000 000005b8H .idata$5                DATA
 0002:000005b8 00004808H .rdata                  DATA
 0002:00004dc0 00000044H .rdata$r                DATA
 0002:00004e04 00000004H .rtc$IAA                DATA
 0002:00004e08 00000004H .rtc$IZZ                DATA
 0002:00004e0c 00000004H .rtc$TAA                DATA
 0002:00004e10 00000004H .rtc$TZZ                DATA
 0002:00004e18 000051a0H .xdata$x                DATA
 0002:00009fb8 00000000H ATL$__a                 DATA
 0002:00009fb8 00000000H ATL$__z                 DATA
 0002:00009fb8 00000104H .idata$2                DATA
 0002:0000a0bc 00000014H .idata$3                DATA
 0002:0000a0d0 000005b8H .idata$4                DATA
 0002:0000a688 0000158aH .idata$6                DATA
 0002:0000bc20 00000067H .edata                  DATA
 0003:00000000 00000004H .CRT$XCA                DATA
 0003:00000004 00000004H .CRT$XCAA               DATA
 0003:00000008 00000004H .CRT$XCL                DATA
 0003:0000000c 0000000cH .CRT$XCU                DATA
 0003:00000018 00000004H .CRT$XCZ                DATA
 0003:0000001c 00000004H .CRT$XIA                DATA
 0003:00000020 00000004H .CRT$XIZ                DATA
 0003:00000030 000010d0H .data                   DATA
 0003:00001100 000025dcH .bss                    DATA
 0004:00000000 000000e8H .rsrc$01                DATA
 0004:000000f0 00000628H .rsrc$02                DATA

  Address         Publics by Value              Rva+Base     Lib:Object

 0000:00000000       __except_list              00000000     <absolute>
 0000:00000000       ___safe_se_handler_table   00000000     <absolute>
 0000:00000000       ___safe_se_handler_count   00000000     <absolute>
 0000:00009876       __fltused                  00009876     <absolute>
 0000:00009876       __ldused                   00009876     <absolute>
 0000:00000000       ___ImageBase               10000000     <linker-defined>
 0001:00000000       ?_AtlGetThreadACPFake@ATL@@YGIXZ 10001000 f i vfp2c32.obj
 0001:00000050       ?_AtlGetThreadACPReal@ATL@@YGIXZ 10001050 f i vfp2c32.obj
 0001:00000054       ?_AtlGetThreadACPThunk@ATL@@YGIXZ 10001054 f i vfp2c32.obj
 0001:000000a4       ??0CComCriticalSection@ATL@@QAE@XZ 100010a4 f i vfp2c32.obj
 0001:000000b4       ?Init@CComCriticalSection@ATL@@QAEJXZ 100010b4 f i vfp2c32.obj
 0001:00000104       ?RaiseError@@YGXH@Z        10001104 f i vfp2c32.obj
 0001:00000134       ?Return@@YGXI@Z            10001134 f i vfp2c32.obj
 0001:00000134       ?Return@@YGXK@Z            10001134 f i vfp2ccom.obj
 0001:00000160       ??0UIntValue@@QAE@I@Z      10001160 f i vfp2c32.obj
 0001:00000183       ??0FoxValue@@QAE@XZ        10001183 f i vfp2c32.obj
 0001:00000194       ??1FoxValue@@QAE@XZ        10001194 f i vfp2c32.obj
 0001:000001b9       ?FreeHandle@FoxValue@@QAEAAV1@XZ 100011b9 f i vfp2c32.obj
 0001:000001cc       ?UnlockHandle@FoxValue@@QAEAAV1@XZ 100011cc f i vfp2c32.obj
 0001:000001e1       ?UnlockObject@FoxValue@@QAEAAV1@XZ 100011e1 f i vfp2c32.obj
 0001:0000020f       ?FreeObject@FoxValue@@QAEAAV1@XZ 1000120f f i vfp2c32.obj
 0001:00000223       ?ReturnRows@FoxArray@@QAEXXZ 10001223 f i vfp2c32.obj
 0001:0000025f       ??4FoxArray@@QAEAAV0@AAVFoxValue@@@Z 1000125f f i vfp2c32.obj
 0001:00000286       ?Return@@YGXN@Z            10001286 f i vfp2carray.obj
 0001:0000029d       ?Return@@YGXT_LARGE_INTEGER@@@Z 1000129d f i vfp2carray.obj
 0001:000002b0       ?Release@FoxValue@@QAEXXZ  100012b0 f i vfp2carray.obj
 0001:000002d8       ??4FoxValue@@QAEAAV0@AAULocator@@@Z 100012d8 f i vfp2carray.obj
 0001:0000030a       ?ValidateDimension@FoxArray@@QAEAAV1@I@Z 1000130a f i vfp2carray.obj
 0001:0000032d       ?InByteRange@@YG_NH@Z      1000132d f i vfp2cassembly.obj
 0001:00000346       ?MODRM_REG_REG@RuntimeAssembler@@AAEEW4_REGISTER@@@Z 10001346 f i vfp2cassembly.obj
 0001:0000035b       ?MODRM_REG_OP_REG@RuntimeAssembler@@AAEEEW4_REGISTER@@@Z 1000135b f i vfp2cassembly.obj
 0001:0000037f       ?MODRM_REG_REG_REG@RuntimeAssembler@@AAEEW4_REGISTER@@0@Z 1000137f f i vfp2cassembly.obj
 0001:000003b3       ?MODRM_DISP32_REG_STACK@RuntimeAssembler@@AAEEW4_REGISTER@@@Z 100013b3 f i vfp2cassembly.obj
 0001:000003ce       ?MODRM_DISP8_REG_STACK@RuntimeAssembler@@AAEEW4_REGISTER@@@Z 100013ce f i vfp2cassembly.obj
 0001:000003e9       ?AtlThrow@ATL@@YGXJ@Z      100013e9 f i vfp2casync.obj
 0001:00000401       ?AtlComPtrAssign@ATL@@YGPAUIUnknown@@PAPAU2@PAU2@@Z 10001401 f i vfp2casync.obj
 0001:00000423       ?Create@CAtlPlex@ATL@@SGPAU12@AAPAU12@II@Z 10001423 f i vfp2casync.obj
 0001:00000440       ?FreeDataChain@CAtlPlex@ATL@@QAEXXZ 10001440 f i vfp2casync.obj
 0001:00000457       ?ReleaseValue@@YGXAAUValue@@@Z 10001457 f i vfp2casync.obj
 0001:0000047d       ??0AutoYieldLock@@QAE@XZ   1000147d f i vfp2casync.obj
 0001:000004a2       ??1AutoYieldLock@@QAE@XZ   100014a2 f i vfp2casync.obj
 0001:000004b8       ??1ApiHandle@@QAE@XZ       100014b8 f i vfp2casync.obj
 0001:000004c7       ??4ApiHandle@@QAEXPAX@Z    100014c7 f i vfp2casync.obj
 0001:000004e0       ?Create@CEvent@@QAE_N_N0PADPAU_SECURITY_ATTRIBUTES@@@Z 100014e0 f i vfp2casync.obj
 0001:0000052c       ??0CThreadManager@@QAE@XZ  1000152c f i vfp2casync.obj
 0001:00000557       ??1CThreadManager@@QAE@XZ  10001557 f i vfp2casync.obj
 0001:0000056f       ?NextOffset@FindFileChangeExBuffer@@QAE_NK@Z 1000156f f i vfp2casync.obj
 0001:00000590       ?release@?$CBoundSPSCQueueDestructor@UFindFileChangeExCallback@@@@SGXAAUFindFileChangeExCallback@@@Z 10001590 f i vfp2casync.obj
 0001:000005b2       ??1WaitForObjectThread@@QAE@XZ 100015b2 f i vfp2casync.obj
 0001:000005d4       ??_GFindFileChangeThread@@QAEPAXI@Z 100015d4 f i vfp2casync.obj
 0001:000005f5       ??_GFindFileChangeExEntry@@QAEPAXI@Z 100015f5 f i vfp2casync.obj
 0001:00000616       ??_GFindFileChangeExThread@@QAEPAXI@Z 10001616 f i vfp2casync.obj
 0001:00000637       ??1FindFileChangeExThread@@QAE@XZ 10001637 f i vfp2casync.obj
 0001:00000686       ??_GFindRegistryChangeThread@@QAEPAXI@Z 10001686 f i vfp2casync.obj
 0001:000006a7       ??_GWaitForObjectThread@@QAEPAXI@Z 100016a7 f i vfp2casync.obj
 0001:000006c8       ?AddBs@?$CStrBuilder@$0BAG@@@QAEAAV1@XZ 100016c8 f i vfp2casync.obj
 0001:000006e4       ?LongPathName@?$CStrBuilder@$0BAG@@@QAEAAV1@XZ 100016e4 f i vfp2casync.obj
 0001:0000071a       ?CompareToBase@?$CStrBuilder@$0BAG@@@QAE_NAAV1@@Z 1000171a f i vfp2casync.obj
 0001:00000736       ??4?$CStrBuilder@$0BAG@@@QAEAAV0@ABV0@@Z 10001736 f i vfp2casync.obj
 0001:00000776       ??4?$CStrBuilder@$0BAG@@@QAEAAV0@ABVFoxString@@@Z 10001776 f i vfp2casync.obj
 0001:000007bd       ??4?$CStrBuilder@$0BAG@@@QAEAAV0@PBD@Z 100017bd f i vfp2casync.obj
 0001:0000080b       ?AppendFormatBase@?$CStrBuilder@$0BAG@@@QAAAAV1@PBDZZ 1000180b f i vfp2casync.obj
 0001:0000080b       ?AppendFormatBase@?$CStrBuilder@$0IAA@@@QAAAAV1@PBDZZ 1000180b f i vfp2casync.obj
 0001:00000828       ?Strdup@?$CStrBuilder@$0IAA@@@QBEPADXZ 10001828 f i vfp2casync.obj
 0001:00000853       ??4?$CStrBuilder@$0IAA@@@QAEAAV0@ABVFoxString@@@Z 10001853 f i vfp2casync.obj
 0001:0000089a       ??4?$CStrBuilder@$0IAA@@@QAEAAV0@PBD@Z 1000189a f i vfp2casync.obj
 0001:000008e8       ??1?$CAutoPtr@VFindFileChangeExBuffer@@@ATL@@QAE@XZ 100018e8 f i vfp2casync.obj
 0001:000008f4       ?Initialize@?$FoxComCallback@$03@@QAEXPAUIDispatch@@AAVFoxString@@@Z 100018f4 f i vfp2casync.obj
 0001:00000922       ??0?$CUnboundBlockSPSCQueue@UFindFileChangeExCallback@@$0BAAA@@@QAE@XZ 10001922 f i vfp2casync.obj
 0001:00000959       ??1?$CUnboundBlockSPSCQueue@UFindFileChangeExCallback@@$0BAAA@@@QAE@XZ 10001959 f i vfp2casync.obj
 0001:00000972       ?Push@?$CUnboundBlockSPSCQueue@UFindFileChangeExCallback@@$0BAAA@@@QAEXABUFindFileChangeExCallback@@@Z 10001972 f i vfp2casync.obj
 0001:000009d3       ?Pop@?$CUnboundBlockSPSCQueue@UFindFileChangeExCallback@@$0BAAA@@@QAE_NAAUFindFileChangeExCallback@@@Z 100019d3 f i vfp2casync.obj
 0001:00000a16       ?Peek@?$CUnboundBlockSPSCQueue@UFindFileChangeExCallback@@$0BAAA@@@QAE_NXZ 10001a16 f i vfp2casync.obj
 0001:00000a35       ??_GNode@?$CUnboundBlockSPSCQueue@UFindFileChangeExCallback@@$0BAAA@@@QAEPAXI@Z 10001a35 f i vfp2casync.obj
 0001:00000a56       ??1Node@?$CUnboundBlockSPSCQueue@UFindFileChangeExCallback@@$0BAAA@@@QAE@XZ 10001a56 f i vfp2casync.obj
 0001:00000a5b       ?InitDispId@?$FoxComCallback@$03@@AAEXAAVFoxString@@@Z 10001a5b f i vfp2casync.obj
 0001:00000aee       ?InitParameters@?$FoxComCallback@$03@@AAEXXZ 10001aee f i vfp2casync.obj
 0001:00000b3d       ??1?$CBoundSPSCQueue@UFindFileChangeExCallback@@$0PP@@@QAE@XZ 10001b3d f i vfp2casync.obj
 0001:00000b61       ?Push@?$CBoundSPSCQueue@UFindFileChangeExCallback@@$0PP@@@QAE_NABUFindFileChangeExCallback@@@Z 10001b61 f i vfp2casync.obj
 0001:00000b9f       ?Pop@?$CBoundSPSCQueue@UFindFileChangeExCallback@@$0PP@@@QAE_NAAUFindFileChangeExCallback@@@Z 10001b9f f i vfp2casync.obj
 0001:00000be3       ?Peek@?$CBoundSPSCQueue@UFindFileChangeExCallback@@$0PP@@@QAE_NXZ 10001be3 f i vfp2casync.obj
 0001:00000c04       ??0?$CAtlMap@GPAVFindFileChangeExEntry@@V?$CElementTraits@G@ATL@@V?$CElementTraits@PAVFindFileChangeExEntry@@@3@@ATL@@QAE@IMMMI@Z 10001c04 f i vfp2casync.obj
 0001:00000c4e       ?Lookup@?$CAtlMap@GPAVFindFileChangeExEntry@@V?$CElementTraits@G@ATL@@V?$CElementTraits@PAVFindFileChangeExEntry@@@3@@ATL@@QBE_NGAAPAVFindFileChangeExEntry@@@Z 10001c4e f i vfp2casync.obj
 0001:00000c7e       ??A?$CAtlMap@GPAVFindFileChangeExEntry@@V?$CElementTraits@G@ATL@@V?$CElementTraits@PAVFindFileChangeExEntry@@@3@@ATL@@QAEAAPAVFindFileChangeExEntry@@G@Z 10001c7e f i vfp2casync.obj
 0001:00000cb8       ?RemoveKey@?$CAtlMap@GPAVFindFileChangeExEntry@@V?$CElementTraits@G@ATL@@V?$CElementTraits@PAVFindFileChangeExEntry@@@3@@ATL@@QAE_NG@Z 10001cb8 f i vfp2casync.obj
 0001:00000cf4       ?RemoveAtPos@?$CAtlMap@GPAVFindFileChangeExEntry@@V?$CElementTraits@G@ATL@@V?$CElementTraits@PAVFindFileChangeExEntry@@@3@@ATL@@QAEXPAU__POSITION@@@Z 10001cf4 f i vfp2casync.obj
 0001:00000d1c       ?GetStartPosition@?$CAtlMap@GPAVFindFileChangeExEntry@@V?$CElementTraits@G@ATL@@V?$CElementTraits@PAVFindFileChangeExEntry@@@3@@ATL@@QBEPAU__POSITION@@XZ 10001d1c f i vfp2casync.obj
 0001:00000d49       ?GetNextValue@?$CAtlMap@GPAVFindFileChangeExEntry@@V?$CElementTraits@G@ATL@@V?$CElementTraits@PAVFindFileChangeExEntry@@@3@@ATL@@QAEAAPAVFindFileChangeExEntry@@AAPAU__POSITION@@@Z 10001d49 f i vfp2casync.obj
 0001:00000d5a       ??1?$CAtlMap@GPAVFindFileChangeExEntry@@V?$CElementTraits@G@ATL@@V?$CElementTraits@PAVFindFileChangeExEntry@@@3@@ATL@@QAE@XZ 10001d5a f i vfp2casync.obj
 0001:00000d5f       ??$Call@PAXKUCStrView@@@?$FoxComCallback@$03@@QAEJPAXKUCStrView@@@Z 10001d5f f i vfp2casync.obj
 0001:00000da5       ??$Call@PAXHUCStrView@@U1@@?$FoxComCallback@$03@@QAEJPAXHUCStrView@@1@Z 10001da5 f i vfp2casync.obj
 0001:00000df9       ??$Call@PAXHUCStrView@@K@?$FoxComCallback@$03@@QAEJPAXHUCStrView@@K@Z 10001df9 f i vfp2casync.obj
 0001:00000e55       ?SetParameter@?$FoxComCallback@$03@@QAEXHUCStrView@@@Z 10001e55 f i vfp2casync.obj
 0001:00000e8c       ?Call@?$FoxComCallback@$03@@QAEJXZ 10001e8c f i vfp2casync.obj
 0001:00000eb8       ?RemoveAll@?$CAtlList@PAVCThread@@V?$CElementTraits@PAVCThread@@@ATL@@@ATL@@QAEXXZ 10001eb8 f i vfp2casync.obj
 0001:00000ee5       ?RemoveAll@?$CAtlMap@GPAVFindFileChangeExEntry@@V?$CElementTraits@G@ATL@@V?$CElementTraits@PAVFindFileChangeExEntry@@@3@@ATL@@QAEXXZ 10001ee5 f i vfp2casync.obj
 0001:00000f47       ?GetNode@?$CAtlMap@GPAVFindFileChangeExEntry@@V?$CElementTraits@G@ATL@@V?$CElementTraits@PAVFindFileChangeExEntry@@@3@@ATL@@ABEPAVCNode@12@GAAI0AAPAV312@@Z 10001f47 f i vfp2casync.obj
 0001:00000f8f       ?CreateNode@?$CAtlMap@GPAVFindFileChangeExEntry@@V?$CElementTraits@G@ATL@@V?$CElementTraits@PAVFindFileChangeExEntry@@@3@@ATL@@AAEPAVCNode@12@GII@Z 10001f8f f i vfp2casync.obj
 0001:00000fc5       ?RemoveNode@?$CAtlMap@GPAVFindFileChangeExEntry@@V?$CElementTraits@G@ATL@@V?$CElementTraits@PAVFindFileChangeExEntry@@@3@@ATL@@AAEXPAVCNode@12@0@Z 10001fc5 f i vfp2casync.obj
 0001:00000fea       ?FindNextNode@?$CAtlMap@GPAVFindFileChangeExEntry@@V?$CElementTraits@G@ATL@@V?$CElementTraits@PAVFindFileChangeExEntry@@@3@@ATL@@ABEPAVCNode@12@PAV312@@Z 10001fea f i vfp2casync.obj
 0001:00001021       ?FreeNode@?$CAtlList@PAVCThread@@V?$CElementTraits@PAVCThread@@@ATL@@@ATL@@AAEXPAVCNode@12@@Z 10002021 f i vfp2casync.obj
 0001:0000103e       ?InitHashTable@?$CAtlMap@GPAVFindFileChangeExEntry@@V?$CElementTraits@G@ATL@@V?$CElementTraits@PAVFindFileChangeExEntry@@@3@@ATL@@QAE_NI_N@Z 1000203e f i vfp2casync.obj
 0001:000010b6       ?Rehash@?$CAtlMap@GPAVFindFileChangeExEntry@@V?$CElementTraits@G@ATL@@V?$CElementTraits@PAVFindFileChangeExEntry@@@3@@ATL@@QAEXI@Z 100020b6 f i vfp2casync.obj
 0001:00001198       ?PickSize@?$CAtlMap@GPAVFindFileChangeExEntry@@V?$CElementTraits@G@ATL@@V?$CElementTraits@PAVFindFileChangeExEntry@@@3@@ATL@@ABEII@Z 10002198 f i vfp2casync.obj
 0001:000011e8       ?NewNode@?$CAtlMap@GPAVFindFileChangeExEntry@@V?$CElementTraits@G@ATL@@V?$CElementTraits@PAVFindFileChangeExEntry@@@3@@ATL@@AAEPAVCNode@12@GII@Z 100021e8 f i vfp2casync.obj
 0001:00001279       ?FreeNode@?$CAtlMap@GPAVFindFileChangeExEntry@@V?$CElementTraits@G@ATL@@V?$CElementTraits@PAVFindFileChangeExEntry@@@3@@ATL@@AAEXPAVCNode@12@@Z 10002279 f i vfp2casync.obj
 0001:000012b0       ?FreePlexes@?$CAtlMap@GPAVFindFileChangeExEntry@@V?$CElementTraits@G@ATL@@V?$CElementTraits@PAVFindFileChangeExEntry@@@3@@ATL@@AAEXXZ 100022b0 f i vfp2casync.obj
 0001:000012c5       ?UpdateRehashThresholds@?$CAtlMap@GPAVFindFileChangeExEntry@@V?$CElementTraits@G@ATL@@V?$CElementTraits@PAVFindFileChangeExEntry@@@3@@ATL@@AAEXXZ 100022c5 f i vfp2casync.obj
 0001:00001303       ?AtlHresultFromLastError@ATL@@YGJXZ 10002303 f i vfp2casynccom.obj
 0001:00001318       ??0CComBSTR@ATL@@QAE@PB_W@Z 10002318 f i vfp2casynccom.obj
 0001:00001342       ??4CComBSTR@ATL@@QAEAAV01@PB_W@Z 10002342 f i vfp2casynccom.obj
 0001:0000137a       ?ToLower@CComBSTR@ATL@@QAEJXZ 1000237a f i vfp2casynccom.obj
 0001:000015a1       ??8CComBSTR@ATL@@QBE_NABV01@@Z 100025a1 f i vfp2casynccom.obj
 0001:000015be       ??8CComBSTR@ATL@@QBE_NPB_W@Z 100025be f i vfp2casynccom.obj
 0001:000015eb       ??1CComVariant@ATL@@QAE@XZ 100025eb f i vfp2casynccom.obj
 0001:000015f3       ?Detach@CComVariant@ATL@@QAEJPAUtagVARIANT@@@Z 100025f3 f i vfp2casynccom.obj
 0001:0000161b       ?AtlGetGITPtr@ATL@@YGJPAPAUIGlobalInterfaceTable@@@Z 1000261b f i vfp2casynccom.obj
 0001:0000164a       ??1CComTypeAttr@ATL@@QAE@XZ 1000264a f i vfp2casynccom.obj
 0001:0000165b       ?Release@CComTypeAttr@ATL@@QAEXXZ 1000265b f i vfp2casynccom.obj
 0001:0000166f       ??1CComFuncDesc@ATL@@QAE@XZ 1000266f f i vfp2casynccom.obj
 0001:00001680       ?Release@CComFuncDesc@ATL@@QAEXXZ 10002680 f i vfp2casynccom.obj
 0001:00001694       ??1CComExcepInfo@ATL@@QAE@XZ 10002694 f i vfp2casynccom.obj
 0001:00001699       ?Clear@CComExcepInfo@ATL@@QAEXXZ 10002699 f i vfp2casynccom.obj
 0001:000016cb       ?Evaluate@@YGXAAUValue@@PAD@Z 100026cb f i vfp2casynccom.obj
 0001:000016eb       ?ReturnIDispatch@@YGXPAX@Z 100026eb f i vfp2casynccom.obj
 0001:0000172f       ?GetCounter@PerformanceCounter@@SG?AT_LARGE_INTEGER@@XZ 1000272f f i vfp2casynccom.obj
 0001:00001750       ?GetMillisecondsSince@PerformanceCounter@@SG_JAAT_LARGE_INTEGER@@@Z 10002750 f i vfp2casynccom.obj
 0001:00001787       ?CountsPerMillisecond@PerformanceCounter@@CG_JXZ 10002787 f i vfp2casynccom.obj
 0001:000017c6       ??1?$CTempBuffer@_W$0IA@VCCRTAllocator@ATL@@@ATL@@QAE@XZ 100027c6 f i vfp2casynccom.obj
 0001:000017c6       ??1?$CTempBuffer@D$0IA@VCCRTAllocator@ATL@@@ATL@@QAE@XZ 100027c6 f i vfp2casynccom.obj
 0001:000017d3       ??1?$CAutoPtr@VCComCallInfo@@@ATL@@QAE@XZ 100027d3 f i vfp2casynccom.obj
 0001:000017e5       ?Attach@?$CComGITPtr@UIDispatch@@@ATL@@QAEJPAUIDispatch@@@Z 100027e5 f i vfp2casynccom.obj
 0001:00001837       ?Revoke@?$CComGITPtr@UIDispatch@@@ATL@@QAEJXZ 10002837 f i vfp2casynccom.obj
 0001:00001882       ?CopyTo@?$CComGITPtr@UIDispatch@@@ATL@@QBEJPAPAUIDispatch@@@Z 10002882 f i vfp2casynccom.obj
 0001:000018c2       ??_GCComCallInfo@@QAEPAXI@Z 100028c2 f i vfp2casynccom.obj
 0001:000018e3       ?FreeHeap@?$CTempBuffer@D$0IA@VCCRTAllocator@ATL@@@ATL@@AAEXXZ 100028e3 f i vfp2casynccom.obj
 0001:000018e3       ?FreeHeap@?$CTempBuffer@_W$0IA@VCCRTAllocator@ATL@@@ATL@@AAEXXZ 100028e3 f i vfp2casynccom.obj
 0001:000018ed       ?AllocateBytes@?$CTempBuffer@_W$0IA@VCCRTAllocator@ATL@@@ATL@@QAEPA_WI@Z 100028ed f i vfp2casynccom.obj
 0001:000018ed       ?AllocateBytes@?$CTempBuffer@D$0IA@VCCRTAllocator@ATL@@@ATL@@QAEPADI@Z 100028ed f i vfp2casynccom.obj
 0001:0000190d       ??0?$CComPtr@UIGlobalInterfaceTable@@@ATL@@QAE@XZ 1000290d f i vfp2casynccom.obj
 0001:00001911       ?AllocateHeap@?$CTempBuffer@_W$0IA@VCCRTAllocator@ATL@@@ATL@@AAEXI@Z 10002911 f i vfp2casynccom.obj
 0001:00001911       ?AllocateHeap@?$CTempBuffer@D$0IA@VCCRTAllocator@ATL@@@ATL@@AAEXI@Z 10002911 f i vfp2casynccom.obj
 0001:00001933       ??$?4VCComCallInfo@@@?$CAutoPtr@VCComCallInfo@@@ATL@@QAEAAV01@AAV01@@Z 10002933 f i vfp2casynccom.obj
 0001:0000194e       ?RemoveHead@?$CAtlList@V?$CAutoPtr@VCComCallInfo@@@ATL@@V?$CAutoPtrElementTraits@VCComCallInfo@@@2@@ATL@@QAE?AV?$CAutoPtr@VCComCallInfo@@@2@XZ 1000294e f i vfp2casynccom.obj
 0001:0000197c       ?AddTail@?$CAtlList@V?$CAutoPtr@VCComCallInfo@@@ATL@@V?$CAutoPtrElementTraits@VCComCallInfo@@@2@@ATL@@QAEPAU__POSITION@@AAV?$CAutoPtr@VCComCallInfo@@@2@@Z 1000297c f i vfp2casynccom.obj
 0001:00001999       ?RemoveAll@?$CAtlList@V?$CAutoPtr@VCComCallInfo@@@ATL@@V?$CAutoPtrElementTraits@VCComCallInfo@@@2@@ATL@@QAEXXZ 10002999 f i vfp2casynccom.obj
 0001:000019c6       ?RemoveAt@?$CAtlList@V?$CAutoPtr@VCComCallInfo@@@ATL@@V?$CAutoPtrElementTraits@VCComCallInfo@@@2@@ATL@@QAEXPAU__POSITION@@@Z 100029c6 f i vfp2casynccom.obj
 0001:000019f5       ?SetCount@?$CAtlArray@VCDispEntry@@V?$CElementTraits@VCDispEntry@@@ATL@@@ATL@@QAE_NIH@Z 100029f5 f i vfp2casynccom.obj
 0001:00001a6e       ??A?$CAtlArray@VCDispEntry@@V?$CElementTraits@VCDispEntry@@@ATL@@@ATL@@QAEAAVCDispEntry@@I@Z 10002a6e f i vfp2casynccom.obj
 0001:00001a86       ??1?$CAtlArray@VCDispEntry@@V?$CElementTraits@VCDispEntry@@@ATL@@@ATL@@QAE@XZ 10002a86 f i vfp2casynccom.obj
 0001:00001a9e       ?NewNode@?$CAtlList@V?$CAutoPtr@VCComCallInfo@@@ATL@@V?$CAutoPtrElementTraits@VCComCallInfo@@@2@@ATL@@AAEPAVCNode@12@AAV?$CAutoPtr@VCComCallInfo@@@2@PAV312@1@Z 10002a9e f i vfp2casynccom.obj
 0001:00001ace       ?FreeNode@?$CAtlList@V?$CAutoPtr@VCComCallInfo@@@ATL@@V?$CAutoPtrElementTraits@VCComCallInfo@@@2@@ATL@@AAEXPAVCNode@12@@Z 10002ace f i vfp2casynccom.obj
 0001:00001af4       ?GrowBuffer@?$CAtlArray@VCDispEntry@@V?$CElementTraits@VCDispEntry@@@ATL@@@ATL@@AAE_NI@Z 10002af4 f i vfp2casynccom.obj
 0001:00001b7e       ?CallConstructors@?$CAtlArray@VCDispEntry@@V?$CElementTraits@VCDispEntry@@@ATL@@@ATL@@CGXPAVCDispEntry@@I@Z 10002b7e f i vfp2casynccom.obj
 0001:00001b90       ?CallDestructors@?$CAtlArray@VCDispEntry@@V?$CElementTraits@VCDispEntry@@@ATL@@@ATL@@CGXPAVCDispEntry@@I@Z 10002b90 f i vfp2casynccom.obj
 0001:00001bab       ??_GCDispEntry@@QAEPAXI@Z  10002bab f i vfp2casynccom.obj
 0001:00001bcc       ??1CComBSTR@ATL@@QAE@XZ    10002bcc f i vfp2c32.obj
 0001:00001bcc       ??1CDispEntry@@QAE@XZ      10002bcc f i vfp2casynccom.obj
 0001:00001bd5       ?RelocateElements@?$CElementTraitsBase@VCDispEntry@@@ATL@@SGXPAVCDispEntry@@0I@Z 10002bd5 f i vfp2casynccom.obj
 0001:00001bf0       ??1CNode@?$CAtlList@V?$CAutoPtr@VCComCallInfo@@@ATL@@V?$CAutoPtrElementTraits@VCComCallInfo@@@2@@ATL@@QAE@XZ 10002bf0 f i vfp2casynccom.obj
 0001:00001c04       ?StrIEqual@@YG_NPAD0@Z     10002c04 f i vfp2ccallback.obj
 0001:00001c1c       ?Execute@@YGXPAD@Z         10002c1c f i vfp2ccom.obj
 0001:00001c3c       ??1FoxVariable@@QAE@XZ     10002c3c f i vfp2ccom.obj
 0001:00001c41       ?New@FoxVariable@@QAEAAV1@PAD_N@Z 10002c41 f i vfp2ccom.obj
 0001:00001c85       ?Release@FoxVariable@@QAEAAV1@XZ 10002c85 f i vfp2ccom.obj
 0001:00001c9b       ??4FoxVariable@@QAEAAV0@AAVFoxValue@@@Z 10002c9b f i vfp2ccom.obj
 0001:00001c9b       ??4FoxVariable@@QAEAAV0@AAUValue@@@Z 10002c9b f i vfp2ccppapi.obj
 0001:00001cc0       ??1CoTaskPtr@@QAE@XZ       10002cc0 f i vfp2ccom.obj
 0001:00001cce       ??1?$CComPtr@UIDispatch@@@ATL@@QAE@XZ 10002cce f i vfp2casync.obj
 0001:00001cce       ??1?$CComPtr@UIGlobalInterfaceTable@@@ATL@@QAE@XZ 10002cce f i vfp2casynccom.obj
 0001:00001cce       ??1?$CComPtr@UITypeInfo@@@ATL@@QAE@XZ 10002cce f i vfp2casynccom.obj
 0001:00001cce       ??1?$ComPtr@PAUIRunningObjectTable@@@@QAE@XZ 10002cce f i vfp2ccom.obj
 0001:00001cce       ??1?$FoxComCallback@$03@@QAE@XZ 10002cce f i vfp2casync.obj
 0001:00001cce       ??1?$ComPtr@PAUIMoniker@@@@QAE@XZ 10002cce f i vfp2ccom.obj
 0001:00001cce       ??1?$ComPtr@PAUIStorage@@@@QAE@XZ 10002cce f i vfp2ccom.obj
 0001:00001cdb       ?Store@@YGXAAULocator@@AAUValue@@@Z 10002cdb f i vfp2cconv.obj
 0001:00001cfb       ?ReleaseVar@@YGXJ@Z        10002cfb f i vfp2cconv.obj
 0001:00001d1b       ?ObjectRelease@@YGXABUValue@@@Z 10002d1b f i vfp2cconv.obj
 0001:00001d3b       ?Return@@YGXM@Z            10002d3b f i vfp2cconv.obj
 0001:00001d52       ?IsMemoRef@@YG_NAAULocator@@@Z 10002d52 f i vfp2cconv.obj
 0001:00001d65       ?AllocHandleEx@@YG_NAAUValue@@H@Z 10002d65 f i vfp2cconv.obj
 0001:00001d7d       ?Value2Int64@@YG_JAAUValue@@@Z 10002d7d f i vfp2cconv.obj
 0001:00001df5       ?ReturnInt64AsBinary@@YGX_K@Z 10002df5 f i vfp2cconv.obj
 0001:00001df5       ?ReturnInt64AsBinary@@YGX_J@Z 10002df5 f i vfp2cconv.obj
 0001:00001e44       ?ReturnInt64AsString@@YGX_J@Z 10002e44 f i vfp2cconv.obj
 0001:00001e64       ?ReturnInt64AsString@@YGX_K@Z 10002e64 f i vfp2cconv.obj
 0001:00001e84       ?ReturnInt64AsDouble@@YGX_J@Z 10002e84 f i vfp2cconv.obj
 0001:00001ea3       ?ReturnInt64AsDouble@@YGX_K@Z 10002ea3 f i vfp2cconv.obj
 0001:00001eea       ?AllocHandle@FoxValue@@QAEAAV1@H@Z 10002eea f i vfp2cconv.obj
 0001:00001f13       ?ARows@@YGJAAULocator@@@Z  10002f13 f i vfp2ccppapi.obj
 0001:00001f3f       ?ADims@@YGJAAULocator@@@Z  10002f3f f i vfp2ccppapi.obj
 0001:00001f6b       ?ExpandValue@@YG_NAAUValue@@H@Z 10002f6b f i vfp2ccppapi.obj
 0001:00001f6b       ?ExpandValue@@YG_NPAUValue@@H@Z 10002f6b f i vfp2ccppapi.obj
 0001:00001f87       ?NullTerminateValue@@YG_NPAUValue@@@Z 10002f87 f i vfp2ccppapi.obj
 0001:00001f87       ?NullTerminateValue@@YG_NAAUValue@@@Z 10002f87 f i vfp2ccppapi.obj
 0001:00001f9e       ?Init@CFoxVersion@@CGXXZ   10002f9e f i vfp2ccppapi.obj
 0001:00001ffc       ?MajorVersion@CFoxVersion@@SGHXZ 10002ffc f i vfp2ccppapi.obj
 0001:00002012       ??0FoxValue@@QAE@AAULocator@@@Z 10003012 f i vfp2ccppapi.obj
 0001:0000203d       ?Evaluate@FoxValue@@QAEAAV1@PAD@Z 1000303d f i vfp2ccppapi.obj
 0001:0000206f       ?LockHandle@FoxValue@@QAEAAV1@XZ 1000306f f i vfp2ccppapi.obj
 0001:00002084       ?SetHandleSize@FoxValue@@QAEAAV1@K@Z 10003084 f i vfp2ccppapi.obj
 0001:000020ae       ?NullTerminate@FoxValue@@QAEAAV1@XZ 100030ae f i vfp2ccppapi.obj
 0001:000020dc       ?Evaluate@FoxObject@@QAEAAV1@PAD@Z 100030dc f i vfp2ccppapi.obj
 0001:0000210e       ??_EFoxValue@@QAEPAXI@Z    1000310e f i vfp2ccppapi.obj
 0001:00002155       ?Grow@FoxArray@@QAEII@Z    10003155 f i vfp2cenum.obj
 0001:00002198       ??4FoxArray@@QAEAAV0@PAX@Z 10003198 f i vfp2cenum.obj
 0001:00002198       ??4FoxArray@@QAEAAV0@H@Z   10003198 f i vfp2cenum.obj
 0001:000021d2       ??4FoxArray@@QAEAAV0@_N@Z  100031d2 f i vfp2cenum.obj
 0001:00002209       ??0EnumParameter@@QAE@XZ   10003209 f i vfp2cenum.obj
 0001:0000224a       ??0WindowEnumParamEx@@QAE@XZ 1000324a f i vfp2cenum.obj
 0001:0000228b       ??1_RESOURCEENUMPARAM@@QAE@XZ 1000328b f i vfp2cenum.obj
 0001:0000228b       ??1WindowEnumParamEx@@QAE@XZ 1000328b f i vfp2cenum.obj
 0001:0000228b       ??1EnumParameter@@QAE@XZ   1000328b f i vfp2cenum.obj
 0001:00002295       ??0WindowEnumParam@@QAE@XZ 10003295 f i vfp2cenum.obj
 0001:000022ab       ?Ints2Double@@YGNHH@Z      100032ab f i vfp2cfile.obj
 0001:000022cc       ?Ints2Int64@@YG_JHH@Z      100032cc f i vfp2cfile.obj
 0001:000022ee       ??4FoxInt64@@QAEAAV0@_K@Z  100032ee f i vfp2cfile.obj
 0001:00002324       ??0FoxDateTime@@QAE@XZ     10003324 f i vfp2cfile.obj
 0001:0000233f       ??4FoxArray@@QAEAAV0@K@Z   1000333f f i vfp2c32.obj
 0001:0000233f       ??4FoxArray@@QAEAAV0@I@Z   1000333f f i vfp2cfile.obj
 0001:00002374       ?AppendBlank@FoxCursor@@QAEAAV1@XZ 10003374 f i vfp2cfile.obj
 0001:000023a1       ??4FoxCursor@@QAEAAV0@AAVFoxValue@@@Z 100033a1 f i vfp2cfile.obj
 0001:000023c6       ??4FoxCursor@@QAEAAV0@K@Z  100033c6 f i vfp2cfile.obj
 0001:000023f8       ??1FileSearch@@QAE@XZ      100033f8 f i vfp2cfile.obj
 0001:0000240b       ??0SwitchErrorMode@@QAE@I@Z 1000340b f i vfp2cfile.obj
 0001:00002428       ??1SwitchErrorMode@@QAE@XZ 10003428 f i vfp2cfile.obj
 0001:00002437       ??0VolumeMountPointSearch@@QAE@XZ 10003437 f i vfp2cfile.obj
 0001:00002477       ??Y?$CStrBuilder@$0IAA@@@QAEAAV0@PBD@Z 10003477 f i vfp2cfile.obj
 0001:000024d1       ?AddBsWc@?$CStrBuilder@$0BAG@@@QAEAAV1@XZ 100034d1 f i vfp2cfile.obj
 0001:00002503       ??Y?$CStrBuilder@$0BAG@@@QAEAAV0@PBD@Z 10003503 f i vfp2cfile.obj
 0001:0000255d       ?RemoveTail@?$CAtlList@PAXV?$CElementTraits@PAX@ATL@@@ATL@@QAEPAXXZ 1000355d f i vfp2cfile.obj
 0001:0000257f       ?AddTail@?$CAtlList@PAXV?$CElementTraits@PAX@ATL@@@ATL@@QAEPAU__POSITION@@PAX@Z 1000357f f i vfp2cfile.obj
 0001:000025a2       ?RemoveAt@?$CAtlList@PAXV?$CElementTraits@PAX@ATL@@@ATL@@QAEXPAU__POSITION@@@Z 100035a2 f i vfp2cfile.obj
 0001:000025cf       ?Find@?$CAtlList@PAXV?$CElementTraits@PAX@ATL@@@ATL@@QBEPAU__POSITION@@PAXPAU3@@Z 100035cf f i vfp2cfile.obj
 0001:000025eb       ?NewNode@?$CAtlList@PAXV?$CElementTraits@PAX@ATL@@@ATL@@AAEPAVCNode@12@PAXPAV312@1@Z 100035eb f i vfp2cfile.obj
 0001:0000261a       ?FreeNode@?$CAtlList@PAXV?$CElementTraits@PAX@ATL@@@ATL@@AAEXPAVCNode@12@@Z 1000361a f i vfp2cfile.obj
 0001:0000262d       ?RemoveAll@?$CAtlList@PAXV?$CElementTraits@PAX@ATL@@@ATL@@QAEXXZ 1000362d f i vfp2cfile.obj
 0001:0000265d       ??6FoxObject@@QAEAAV0@AAVFoxValue@@@Z 1000365d f i vfp2cfont.obj
 0001:0000268a       ??6FoxObject@@QAEAAV0@F@Z  1000368a f i vfp2cfont.obj
 0001:000026c9       ??6FoxObject@@QAEAAV0@G@Z  100036c9 f i vfp2cfont.obj
 0001:00002708       ??6FoxObject@@QAEAAV0@_N@Z 10003708 f i vfp2cfont.obj
 0001:00002741       ?IsDigit@@YG_ND@Z          10003741 f i vfp2chelpers.obj
 0001:00002759       ?RemoveHead@?$CAtlList@PAVCThread@@V?$CElementTraits@PAVCThread@@@ATL@@@ATL@@QAEPAVCThread@@XZ 10003759 f i vfp2chelpers.obj
 0001:0000277b       ?AddTail@?$CAtlList@PAVCThread@@V?$CElementTraits@PAVCThread@@@ATL@@@ATL@@QAEPAU__POSITION@@ABQAVCThread@@@Z 1000377b f i vfp2chelpers.obj
 0001:0000279e       ?RemoveAt@?$CAtlList@PAVCThread@@V?$CElementTraits@PAVCThread@@@ATL@@@ATL@@QAEXPAU__POSITION@@@Z 1000379e f i vfp2chelpers.obj
 0001:000027cd       ?Find@?$CAtlList@PAVCThread@@V?$CElementTraits@PAVCThread@@@ATL@@@ATL@@QBEPAU__POSITION@@ABQAVCThread@@PAU3@@Z 100037cd f i vfp2chelpers.obj
 0001:000027ed       ?NewNode@?$CAtlList@PAVCThread@@V?$CElementTraits@PAVCThread@@@ATL@@@ATL@@AAEPAVCNode@12@ABQAVCThread@@PAV312@1@Z 100037ed f i vfp2chelpers.obj
 0001:0000281e       ?GetFreeNode@?$CAtlList@PAXV?$CElementTraits@PAX@ATL@@@ATL@@AAEXXZ 1000381e f i vfp2cfile.obj
 0001:0000281e       ?GetFreeNode@?$CAtlList@V?$CAutoPtr@VCComCallInfo@@@ATL@@V?$CAutoPtrElementTraits@VCComCallInfo@@@2@@ATL@@AAEXXZ 1000381e f i vfp2casynccom.obj
 0001:0000281e       ?GetFreeNode@?$CAtlList@PAVCThread@@V?$CElementTraits@PAVCThread@@@ATL@@@ATL@@AAEXXZ 1000381e f i vfp2chelpers.obj
 0001:0000285e       ?ReturnNull@@YGXXZ         1000385e f i vfp2cmarshal.obj
 0001:00002872       ?Value2UInt64@@YG_KAAUValue@@@Z 10003872 f i vfp2cmarshal.obj
 0001:000028ea       ??1FoxUInt@@QAE@XZ         100038ea f i vfp2cmarshal.obj
 0001:000028ea       ??1FoxUShort@@QAE@XZ       100038ea f i vfp2cmarshal.obj
 0001:000028ea       ??1FoxInt64@@QAE@XZ        100038ea f i vfp2cfile.obj
 0001:000028ea       ??1FoxLogical@@QAE@XZ      100038ea f i vfp2cmarshal.obj
 0001:000028ea       ??1FoxShort@@QAE@XZ        100038ea f i vfp2cmarshal.obj
 0001:000028ea       ??1FoxDateTime@@QAE@XZ     100038ea f i vfp2cfile.obj
 0001:000028ea       ??1FoxFloat@@QAE@XZ        100038ea f i vfp2cmarshal.obj
 0001:000028ea       ??1FoxInt@@QAE@XZ          100038ea f i vfp2cmarshal.obj
 0001:000028ea       ??1FoxCurrency@@QAE@XZ     100038ea f i vfp2cmarshal.obj
 0001:000028ea       ??1FoxDouble@@QAE@XZ       100038ea f i vfp2cmarshal.obj
 0001:000028ea       ??1FoxDate@@QAE@XZ         100038ea f i vfp2cregistry.obj
 0001:000028ef       ??4FoxArray@@QAEAAV0@E@Z   100038ef f i vfp2cmarshal.obj
 0001:0000292c       ?GoTop@FoxCursor@@QAEHXZ   1000392c f i vfp2cmarshal.obj
 0001:00002951       ?Skip@FoxCursor@@QAEHH@Z   10003951 f i vfp2cmarshal.obj
 0001:00002976       ?RecCount@FoxCursor@@QAEHXZ 10003976 f i vfp2cmarshal.obj
 0001:0000299b       ?Eof@FoxCursor@@QAE_NXZ    1000399b f i vfp2cmarshal.obj
 0001:000029c8       ?StrEqual@@YG_NPAD0@Z      100039c8 f i vfp2codbc.obj
 0001:000029fd       ?IsCharacter@@YG_ND@Z      100039fd f i vfp2codbc.obj
 0001:00002a14       ?ToUpper@@YGDD@Z           10003a14 f i vfp2codbc.obj
 0001:00002a27       ?CheckOptionalParameterLen@@YG_NPAUParamBlk@@H@Z 10003a27 f i vfp2codbc.obj
 0001:00002a3f       ?IsVariableRef@@YG_NAAULocator@@@Z 10003a3f f i vfp2codbc.obj
 0001:00002a52       ?UnlockFreeHandle@@YGXAAUValue@@@Z 10003a52 f i vfp2codbc.obj
 0001:00002a67       ??6FoxObject@@QAEAAV0@K@Z  10003a67 f i vfp2cprint.obj
 0001:00002a9e       ??1PrinterHandle@@QAE@XZ   10003a9e f i vfp2cprint.obj
 0001:00002aac       ??1RasNotifyThread@@QAE@XZ 10003aac f i vfp2cras.obj
 0001:00002ae0       ??_GRasNotifyThread@@QAEPAXI@Z 10003ae0 f i vfp2cras.obj
 0001:00002b01       ?SwapEndian@@YGHH@Z        10003b01 f i vfp2cregistry.obj
 0001:00002b25       ?SwapEndian@@YGIK@Z        10003b25 f i vfp2cregistry.obj
 0001:00002b49       ??6FoxObject@@QAEAAV0@H@Z  10003b49 f i vfp2cregistry.obj
 0001:00002b85       ??6FoxObject@@QAEAAV0@N@Z  10003b85 f i vfp2cregistry.obj
 0001:00002bcd       ??4FoxArray@@QAEAAV0@N@Z   10003bcd f i vfp2cregistry.obj
 0001:00002c11       ??1RegistryKey@@QAE@XZ     10003c11 f i vfp2cregistry.obj
 0001:00002c25       ??1VFP2CTls@@QAE@XZ        10003c25 f i vfp2ctls.obj
 0001:00002c30       ??1UrlDownload@@QAE@XZ     10003c30 f i vfp2curlmon.obj
 0001:00002c6b       ??0UrlDownloadThread@@QAE@AAVCThreadManager@@@Z 10003c6b f i vfp2curlmon.obj
 0001:00002c87       ??1UrlDownloadThread@@QAE@XZ 10003c87 f i vfp2curlmon.obj
 0001:00002cbc       ??_GUrlDownloadThread@@QAEPAXI@Z 10003cbc f i vfp2curlmon.obj
 0001:00002ce0       _Multiply_Int64@20         10003ce0 f   vfp2casmfuncs.obj
 0001:00002d9a       @_Error@4                  10003d9a f   winapims:apierror.obj
 0001:00002da4       @_UserError@4              10003da4 f   winapims:apierror.obj
 0001:00002dae       @_WhToHwnd@4               10003dae f   winapims:apiuint7.obj
 0001:00002db8       @__WFindTitle@8            10003db8 f   winapims:apiuint7.obj
 0001:00002dc6       @_SetObjectProperty@16     10003dc6 f   winapims:apiuint7.obj
 0001:00002dde       @_GetObjectProperty@12     10003dde f   winapims:apiuint7.obj
 0001:00002df2       @_ObjectRelease@4          10003df2 f   winapims:apiuint7.obj
 0001:00002dfc       @_FreeObject@4             10003dfc f   winapims:apiuint7.obj
 0001:00002e06       @ApiTlsShutdown@0          10003e06 f   winapims:apimain.obj
 0001:00002e2a       _DllMain@12                10003e2a f   winapims:apimain.obj
 0001:00002efa       @xxxxWinCall@20            10003efa f   winapims:apimain.obj
 0001:00002f27       @xxxWinCall@16             10003f27 f   winapims:apimain.obj
 0001:00002f4e       @xxWinCall@12              10003f4e f   winapims:apimain.obj
 0001:00002f6f       @xWinCall@8                10003f6f f   winapims:apimain.obj
 0001:000030a0       @_AllocHand@4              100040a0 f   winapims:apimain.obj
 0001:000030a9       @_FreeHand@4               100040a9 f   winapims:apimain.obj
 0001:000030f4       @_HandToPtr@4              100040f4 f   winapims:apimain.obj
 0001:00003142       @_HLock@4                  10004142 f   winapims:apimain.obj
 0001:00003171       @_HUnLock@4                10004171 f   winapims:apimain.obj
 0001:000031a0       @_GetHandSize@4            100041a0 f   winapims:apimain.obj
 0001:000031d5       @_SetHandSize@8            100041d5 f   winapims:apimain.obj
 0001:00003219       @DispatchAPI@4             10004219 f   winapims:apimain.obj
 0001:0000339b       @_RetVal@4                 1000439b f   winapims:apiretrn.obj
 0001:000033a5       @_RetInt@8                 100043a5 f   winapims:apiretrn.obj
 0001:000033c3       @_RetFloat@16              100043c3 f   winapims:apiretrn.obj
 0001:000033e9       @_RetCurrency@12           100043e9 f   winapims:apiretrn.obj
 0001:00003412       @_RetLogical@4             10004412 f   winapims:apiretrn.obj
 0001:00003433       @_RetChar@4                10004433 f   winapims:apiretrn.obj
 0001:0000347a       @_NewVar@12                1000447a f   winapims:apivar.obj
 0001:0000348e       @_Store@8                  1000448e f   winapims:apivar.obj
 0001:0000349c       @_Load@8                   1000449c f   winapims:apivar.obj
 0001:000034aa       @_Execute@4                100044aa f   winapims:apiexec.obj
 0001:000034b4       @_Evaluate@8               100044b4 f   winapims:apiexec.obj
 0001:000034c2       @_Release@4                100044c2 f   winapims:apivar2.obj
 0001:000034cc       @_ALen@8                   100044cc f   winapims:apivar2.obj
 0001:000034da       @_FindVar@12               100044da f   winapims:apivar2.obj
 0001:000034ee       @_NameTableIndex@4         100044ee f   winapims:apivar2.obj
 0001:000034f8       @__WPort@4                 100044f8 f   winapims:apiuint1.obj
 0001:00003502       @__FStat@8                 10004502 f   winapims:apifio.obj
 0001:00003510       @__FIO@16                  10004510 f   winapims:apifio.obj
 0001:00003528       @_FSeek@12                 10004528 f   winapims:apifio2.obj
 0001:0000353c       @_MemoChan@4               1000453c f   winapims:apimemo1.obj
 0001:00003546       @_FindMemo@4               10004546 f   winapims:apimemo1.obj
 0001:00003550       @_MemoSize@4               10004550 f   winapims:apimemo1.obj
 0001:0000355a       @_AllocMemo@8              1000455a f   winapims:apimemo2.obj
 0001:00003568       @_DBReplace@8              10004568 f   winapims:apidrepl.obj
 0001:00003576       @_DBAppend@8               10004576 f   winapims:apidbapp.obj
 0001:00003584       @_DBRecCount@4             10004584 f   winapims:apidbio.obj
 0001:0000358e       @_DBStatus@4               1000458e f   winapims:apidbio.obj
 0001:00003598       @_DBRewind@4               10004598 f   winapims:apidbio.obj
 0001:000035a2       @_DBSkip@8                 100045a2 f   winapims:apidskip.obj
 0001:000035b0       ??1CApiStatic@@QAE@XZ      100045b0 f i winapims:apicsect.obj
 0001:000035e9       @_StrLen@4                 100045e9 f   winapims:apistr.obj
 0001:000035f6       @_StrCpy@8                 100045f6 f   winapims:apistr.obj
 0001:00003602       _URLDownloadToFileA@20     10004602 f   urlmon:urlmon.dll
 0001:00003608       _Heap32ListNext@8          10004608 f   kernel32:KERNEL32.dll
 0001:0000360e       _Heap32Next@4              1000460e f   kernel32:KERNEL32.dll
 0001:00003614       _Process32First@8          10004614 f   kernel32:KERNEL32.dll
 0001:0000361a       _Heap32First@12            1000461a f   kernel32:KERNEL32.dll
 0001:00003620       _Heap32ListFirst@8         10004620 f   kernel32:KERNEL32.dll
 0001:00003626       _Thread32First@8           10004626 f   kernel32:KERNEL32.dll
 0001:0000362c       _Thread32Next@8            1000462c f   kernel32:KERNEL32.dll
 0001:00003632       _Module32First@8           10004632 f   kernel32:KERNEL32.dll
 0001:00003638       _Process32Next@8           10004638 f   kernel32:KERNEL32.dll
 0001:0000363e       _Toolhelp32ReadProcessMemory@20 1000463e f   kernel32:KERNEL32.dll
 0001:00003644       _CreateToolhelp32Snapshot@8 10004644 f   kernel32:KERNEL32.dll
 0001:0000364a       _Module32Next@8            1000464a f   kernel32:KERNEL32.dll
 0001:00003650       _EnumJobsA@32              10004650 f   winspool:WINSPOOL.DRV
 0001:00003656       _EnumFormsA@24             10004656 f   winspool:WINSPOOL.DRV
 0001:0000365c       _ClosePrinter@4            1000465c f   winspool:WINSPOOL.DRV
 0001:00003662       _OpenPrinterA@12           10004662 f   winspool:WINSPOOL.DRV
 0001:00003668       _EnumPrintersA@28          10004668 f   winspool:WINSPOOL.DRV
 0001:0000366e       _VarBstrCmp@16             1000466e f   oleaut32:OLEAUT32.dll
 0001:00003674       _SQLExecute@4              10004674 f   odbc32:ODBC32.dll
 0001:0000367a       _SQLMoreResults@4          1000467a f   odbc32:ODBC32.dll
 0001:00003680       _SQLBindCol@24             10004680 f   odbc32:ODBC32.dll
 0001:00003686       _SQLFreeStmt@8             10004686 f   odbc32:ODBC32.dll
 0001:0000368c       _SQLGetDiagRec@32          1000468c f   odbc32:ODBC32.dll
 0001:00003692       _SQLDrivers@32             10004692 f   odbc32:ODBC32.dll
 0001:00003698       _SQLColAttribute@28        10004698 f   odbc32:ODBC32.dll
 0001:0000369e       _SQLPrepare@12             1000469e f   odbc32:ODBC32.dll
 0001:000036a4       _SQLGetData@24             100046a4 f   odbc32:ODBC32.dll
 0001:000036aa       _SQLSetDescField@20        100046aa f   odbc32:ODBC32.dll
 0001:000036b0       _SQLAllocHandle@12         100046b0 f   odbc32:ODBC32.dll
 0001:000036b6       _SQLFreeHandle@8           100046b6 f   odbc32:ODBC32.dll
 0001:000036bc       _SQLParamData@8            100046bc f   odbc32:ODBC32.dll
 0001:000036c2       _SQLSetDescRec@40          100046c2 f   odbc32:ODBC32.dll
 0001:000036c8       _SQLDataSources@32         100046c8 f   odbc32:ODBC32.dll
 0001:000036ce       _SQLGetStmtAttr@20         100046ce f   odbc32:ODBC32.dll
 0001:000036d4       _SQLDescribeCol@36         100046d4 f   odbc32:ODBC32.dll
 0001:000036da       _SQLBindParameter@40       100046da f   odbc32:ODBC32.dll
 0001:000036e0       _SQLGetInfo@20             100046e0 f   odbc32:ODBC32.dll
 0001:000036e6       _SQLGetConnectAttr@20      100046e6 f   odbc32:ODBC32.dll
 0001:000036ec       _SQLRowCount@8             100046ec f   odbc32:ODBC32.dll
 0001:000036f2       _SQLExecDirect@12          100046f2 f   odbc32:ODBC32.dll
 0001:000036f8       _SQLSetConnectAttr@16      100046f8 f   odbc32:ODBC32.dll
 0001:000036fe       _SQLNumResultCols@8        100046fe f   odbc32:ODBC32.dll
 0001:00003704       _SQLFetch@4                10004704 f   odbc32:ODBC32.dll
 0001:0000370a       _SQLPutData@12             1000470a f   odbc32:ODBC32.dll
 0001:00003710       _SQLConfigDataSource@16    10004710 f   odbccp32:funcload.obj
 0001:00003725       _SQLInstallerError@20      10004725 f   odbccp32:funcload.obj
 0001:00003a29       _ODBC___GetSetupProc@4     10004a29 f   odbccp32:dllload.obj
 0001:00003ae9       ?RemoveAll@?$CSimpleArray@PAUHINSTANCE__@@V?$CSimpleArrayEqualHelper@PAUHINSTANCE__@@@ATL@@@ATL@@QAEXXZ 10004ae9 f i atls:atlbase.obj
 0001:00003b06       ??0_ATL_BASE_MODULE70@ATL@@QAE@XZ 10004b06 f i atls:atlbase.obj
 0001:00003b20       ??1CAtlBaseModule@ATL@@QAE@XZ 10004b20 f   atls:atlbase.obj
 0001:00003b36       ??0CAtlBaseModule@ATL@@QAE@XZ 10004b36 f   atls:atlbase.obj
 0001:00003be6       _free                      10004be6 f   MSVCRT:MSVCR71.dll
 0001:00003bec       ?__ArrayUnwind@@YGXPAXIHP6EX0@Z@Z 10004bec f   MSVCRT:ehvecdtr.obj
 0001:00003c4a       ??_M@YGXPAXIHP6EX0@Z@Z     10004c4a f   MSVCRT:ehvecdtr.obj
 0001:00003caa       __onexit                   10004caa f   MSVCRT:atonexit.obj
 0001:00003cd0       _atexit                    10004cd0 f   MSVCRT:atonexit.obj
 0001:00003ce2       ??_V@YAXPAX@Z              10004ce2 f   MSVCRT:MSVCR71.dll
 0001:00003ce8       ??3@YAXPAX@Z               10004ce8 f   MSVCRT:MSVCR71.dll
 0001:00003cee       ??_Etype_info@@UAEPAXI@Z   10004cee f i MSVCRT:ti_inst.obj
 0001:00003d3a       ??_U@YAPAXI@Z              10004d3a f   MSVCRT:MSVCR71.dll
 0001:00003d40       __purecall                 10004d40 f   MSVCRT:MSVCR71.dll
 0001:00003d46       ??2@YAPAXI@Z               10004d46 f   MSVCRT:MSVCR71.dll
 0001:00003d4c       _memcpy                    10004d4c f   MSVCRT:MSVCR71.dll
 0001:00003d52       ??_L@YGXPAXIHP6EX0@Z1@Z    10004d52 f   MSVCRT:ehvecctr.obj
 0001:00003db4       __CRT_INIT@12              10004db4 f   MSVCRT:crtdll.obj
 0001:00003e72       __DllMainCRTStartup@12     10004e72 f   MSVCRT:crtdll.obj
 0001:00003f56       __setjmp3                  10004f56 f   MSVCRT:MSVCR71.dll
 0001:00003f91       @__security_check_cookie@4 10004f91 f   MSVCRT:secchk.obj
 0001:00003fa0       _memset                    10004fa0 f   MSVCRT:MSVCR71.dll
 0001:00003fa8       __SEH_prolog               10004fa8 f   MSVCRT:sehprolg.obj
 0001:00003fe3       __SEH_epilog               10004fe3 f   MSVCRT:sehprolg.obj
 0001:00003ff4       __except_handler3          10004ff4 f   MSVCRT:MSVCR71.dll
 0001:00003ffa       ?terminate@@YAXXZ          10004ffa f   MSVCRT:MSVCR71.dll
 0001:00004000       ___dllonexit               10005000 f   MSVCRT:MSVCR71.dll
 0001:00004006       ??1type_info@@UAE@XZ       10005006 f   MSVCRT:MSVCR71.dll
 0001:0000400c       __initterm                 1000500c f   MSVCRT:MSVCR71.dll
 0001:00004012       __RTC_Initialize           10005012 f   MSVCRT:initsect.obj
 0001:00004056       __RTC_Terminate            10005056 f   MSVCRT:initsect.obj
 0001:0000409a       ___CppXcptFilter           1000509a f   MSVCRT:MSVCR71.dll
 0001:000040a0       ___security_init_cookie    100050a0 f   MSVCRT:seccinit.obj
 0001:00004106       ___security_error_handler  10005106 f   MSVCRT:MSVCR71.dll
 0001:0000410c       _VFP2C_Destroy_Winsock@4   1000510c f   vfp2cwinsock.obj
 0001:0000411c       _VFP2C_Init_Winsock@0      1000511c f   vfp2cwinsock.obj
 0001:000041ad       _SaveWinsockError@4        100051ad f   vfp2cwinsock.obj
 0001:0000421f       @AIPAddresses@4            1000521f f   vfp2cwinsock.obj
 0001:00004371       @ResolveHostToIp@4         10005371 f   vfp2cwinsock.obj
 0001:000044ec       ?str_charcount@@YGHPADD@Z  100054ec f   vfp2cutil.obj
 0001:00004501       ?str_append@@YGPADPAD0@Z   10005501 f   vfp2cutil.obj
 0001:00004510       ?skip_ws@@YGXPAPAD@Z       10005510 f   vfp2cutil.obj
 0001:000046d6       ?strdblcount@@YGIPBDK@Z    100056d6 f   vfp2cutil.obj
 0001:000046fc       ?strdblnlen@@YGIPBDK@Z     100056fc f   vfp2cutil.obj
 0001:00004729       ?strnlen@@YGIPBDK@Z        10005729 f   vfp2cutil.obj
 0001:00004747       ?UInt64ToString@@YGXPAD_K@Z 10005747 f   vfp2cutil.obj
 0001:00004798       ?Int64ToString@@YGXPAD_J@Z 10005798 f   vfp2cutil.obj
 0001:0000480a       ?DoubleToStr@@YGPADPADNH@Z 1000580a f   vfp2cutil.obj
 0001:000048cc       ?FloatToStr@@YGPADPADMH@Z  100058cc f   vfp2cutil.obj
 0001:00004994       ?BoolToStr@@YGPADPADH@Z    10005994 f   vfp2cutil.obj
 0001:000049b6       ?UInt64ToStr@@YGPADPAD_K@Z 100059b6 f   vfp2cutil.obj
 0001:00004a11       ?Int64ToCurrency@@YGPADPAD_J@Z 10005a11 f   vfp2cutil.obj
 0001:00004b0d       ?Int64ToVarbinary@@YGPADPAD_J@Z 10005b0d f   vfp2cutil.obj
 0001:00004b61       ?Int64ToStr@@YGPADPAD_J@Z  10005b61 f   vfp2cutil.obj
 0001:00004bd8       ?UIntToHex@@YGPADPADI@Z    10005bd8 f   vfp2cutil.obj
 0001:00004c08       ?UIntToStr@@YGPADPADI@Z    10005c08 f   vfp2cutil.obj
 0001:00004c51       ?IntToHex@@YGPADPADH@Z     10005c51 f   vfp2cutil.obj
 0001:00004c8c       ?IntToStr@@YGPADPADH@Z     10005c8c f   vfp2cutil.obj
 0001:00004cd9       ?strend@@YGPADPAD@Z        10005cd9 f   vfp2cutil.obj
 0001:00004ce2       ?ReplicateEx@@YGPADPADDH@Z 10005ce2 f   vfp2cutil.obj
 0001:00004d15       ?AtEx@@YGPADPADDH@Z        10005d15 f   vfp2cutil.obj
 0001:00004d45       ?Alltrim@@YGXPAD@Z         10005d45 f   vfp2cutil.obj
 0001:00004d89       ?GetWordNumN@@YGIPAD0DII@Z 10005d89 f   vfp2cutil.obj
 0001:00004dd7       ?GetWordCount@@YGIPADD@Z   10005dd7 f   vfp2cutil.obj
 0001:00004dfb       ?DoubleToInt64@@YG_JN@Z    10005dfb f   vfp2cutil.obj
 0001:00004e07       ?DoubleToUInt64@@YG_KN@Z   10005e07 f   vfp2cutil.obj
 0001:00004e13       ?DoubelToInt@@YGHN@Z       10005e13 f   vfp2cutil.obj
 0001:00004e1f       ?DoubleToUInt@@YGIN@Z      10005e1f f   vfp2cutil.obj
 0001:00004e2b       ?strncpyex@@YGIPADPBDI@Z   10005e2b f   vfp2cutil.obj
 0001:00004e4c       ?strcpyex@@YGIPADPBD@Z     10005e4c f   vfp2cutil.obj
 0001:00004e5e       ?wstrnlen@@YGIPB_WI@Z      10005e5e f   vfp2cutil.obj
 0001:00004e7c       ?CharPosN@@YGGPBDDG@Z      10005e7c f   vfp2cutil.obj
 0001:00004ea1       ?GetGregorianDate@@YGXJPAG00@Z 10005ea1 f   vfp2cutil.obj
 0001:00004f46       ?CalcJulianDay@@YGJGGG@Z   10005f46 f   vfp2cutil.obj
 0001:00004fb0       ?DateTimeToSystemTimeEx@@YGXPAUValue@@PAU_SYSTEMTIME@@@Z 10005fb0 f   vfp2cutil.obj
 0001:000050e0       ?SystemTimeToDateTimeEx@@YGXPAU_SYSTEMTIME@@PAUValue@@@Z 100060e0 f   vfp2cutil.obj
 0001:00005193       ?DateTimeToFileTime@@YGXPAUValue@@PAU_FILETIME@@@Z 10006193 f   vfp2cutil.obj
 0001:0000524e       ?FileTimeToDateTime@@YGXPAU_FILETIME@@PAUValue@@@Z 1000624e f   vfp2cutil.obj
 0001:000052ca       ?AppendMemo@@YGHPADHHPAJ@Z 100062ca f   vfp2cutil.obj
 0001:000052fe       ?ReplaceMemoEx@@YGHPAULocator@@PADHH@Z 100062fe f   vfp2cutil.obj
 0001:00005348       ?ReplaceMemo@@YGHPAULocator@@PADH@Z 10006348 f   vfp2cutil.obj
 0001:000053ab       ?GetMemoContentN@@YGHPAUValue@@PADHH@Z 100063ab f   vfp2cutil.obj
 0001:000053f0       ?GetMemoContent@@YGHPAUValue@@PAD@Z 100063f0 f   vfp2cutil.obj
 0001:0000542f       ?StoreEx@@YGHPAULocator@@PAUValue@@@Z 1000642f f   vfp2cutil.obj
 0001:00005440       ?FindFoxVarOrField@@YGHPADPAULocator@@@Z 10006440 f   vfp2cutil.obj
 0001:0000546f       ?FindFoxField@@YGHPADPAULocator@@H@Z 1000646f f   vfp2cutil.obj
 0001:000054a0       ?FindFoxVar@@YGHPADPAULocator@@@Z 100064a0 f   vfp2cutil.obj
 0001:000054cf       ?ASubscripts@@YGHPAULocator@@PAH1@Z 100064cf f   vfp2cutil.obj
 0001:00005504       ?match_short@@YGHPAPADPAF@Z 10006504 f   vfp2cutil.obj
 0001:00005577       ?match_int@@YGHPAPADPAH@Z  10006577 f   vfp2cutil.obj
 0001:000055e9       ?match_one_chr@@YGHPAPADPAD1@Z 100065e9 f   vfp2cutil.obj
 0001:0000561e       ?match_chr@@YGHPAPADD@Z    1000661e f   vfp2cutil.obj
 0001:0000563a       ?match_istr@@YGHPAPADPAD@Z 1000663a f   vfp2cutil.obj
 0001:0000567d       ?match_str@@YGHPAPADPAD@Z  1000667d f   vfp2cutil.obj
 0001:000056a5       ?match_quoted_identifier_ex@@YGHPAPADPADH@Z 100066a5 f   vfp2cutil.obj
 0001:000056ed       ?match_quoted_identifier@@YGHPAPADPADH@Z 100066ed f   vfp2cutil.obj
 0001:0000572e       ?match_dotted_identifier@@YGHPAPADPADH@Z 1000672e f   vfp2cutil.obj
 0001:0000579f       ?match_identifier@@YGHPAPADPADH@Z 1000679f f   vfp2cutil.obj
 0001:0000580b       ?skip_atoi@@YGHPAPBD@Z     1000680b f   vfp2cutil.obj
 0001:00005832       ?StringToUInt64@@YG_KPADI@Z 10006832 f   vfp2cutil.obj
 0001:000059c7       ?StringToInt64@@YG_JPADI@Z 100069c7 f   vfp2cutil.obj
 0001:00005b98       ?printfnex@@YGIPADPBDI0@Z  10006b98 f   vfp2cutil.obj
 0001:00005d91       ?printfex@@YGIPADPBD0@Z    10006d91 f   vfp2cutil.obj
 0001:00005ff2       ?sprintfex@@YAIPADPBDZZ    10006ff2 f   vfp2cutil.obj
 0001:00006006       ?UnicodeToAnsiBuf@@YGHPA_WKPADKPAH@Z 10007006 f   vfp2cutil.obj
 0001:0000605e       ?AnsiToUnicodeBuf@@YGHPADKPA_WK@Z 1000705e f   vfp2cutil.obj
 0001:000060ab       ?AnsiToUnicodePtr@@YGHPADKPAPA_WPAH@Z 100070ab f   vfp2cutil.obj
 0001:00006121       ?SystemTimeToDateLiteral@@YGHPAU_SYSTEMTIME@@PADH@Z 10007121 f   vfp2cutil.obj
 0001:000061ee       ?FileTimeToDateLiteral@@YGHPAU_FILETIME@@PADH@Z 100071ee f   vfp2cutil.obj
 0001:00006262       ?DateTimeToSystemTime@@YGHPAUValue@@PAU_SYSTEMTIME@@H@Z 10007262 f   vfp2cutil.obj
 0001:000062d1       ?SystemTimeToDateTime@@YGHPAU_SYSTEMTIME@@PAUValue@@H@Z 100072d1 f   vfp2cutil.obj
 0001:00006343       ?LocalDateTimeToDateTime@@YGXPAUValue@@@Z 10007343 f   vfp2cutil.obj
 0001:000063b1       ?DateTimeToLocalDateTime@@YGXPAUValue@@@Z 100073b1 f   vfp2cutil.obj
 0001:0000641f       ?DateTimeToFileTimeEx@@YGHPAUValue@@PAU_FILETIME@@H@Z 1000741f f   vfp2cutil.obj
 0001:0000646e       ?FileTimeToDateTimeEx@@YGHPAU_FILETIME@@PAUValue@@H@Z 1000746e f   vfp2cutil.obj
 0001:000064b5       ?Zap@@YGHPAD@Z             100074b5 f   vfp2cutil.obj
 0001:000064e4       ?FindFoxVarOrFieldEx@@YGHPADPAULocator@@@Z 100074e4 f   vfp2cutil.obj
 0001:00006594       ?FindFoxFieldEx@@YGHHPAULocator@@H@Z 10007594 f   vfp2cutil.obj
 0001:0000661d       ?FindFoxFieldC@@YGHPADPAULocator@@0@Z 1000761d f   vfp2cutil.obj
 0001:00006699       ?Dimension@@YGHPADKK@Z     10007699 f   vfp2cutil.obj
 0001:000066ea       ?DimensionEx@@YGHPADPAULocator@@KK@Z 100076ea f   vfp2cutil.obj
 0001:00006763       ?GetMemoContentEx@@YGHPAULocator@@PAPADPAH@Z 10007763 f   vfp2cutil.obj
 0001:00006804       ?MemoChan@@YGHHPAH@Z       10007804 f   vfp2cutil.obj
 0001:00006831       ?AllocMemo@@YGHPAULocator@@HPAJ@Z 10007831 f   vfp2cutil.obj
 0001:0000685e       ?Abort@UrlDownload@@QAEXH@Z 1000785e f   vfp2curlmon.obj
 0001:00006862       ?SetAsync@UrlDownload@@QAEX_N@Z 10007862 f   vfp2curlmon.obj
 0001:00006866       ?OnObjectAvailable@UrlDownload@@UAGJABU_GUID@@PAUIUnknown@@@Z 10007866 f   vfp2curlmon.obj
 0001:0000686e       ?OnDataAvailable@UrlDownload@@UAGJKKPAUtagFORMATETC@@PAUtagSTGMEDIUM@@@Z 1000786e f   vfp2curlmon.obj
 0001:00006876       ?GetBindInfo@UrlDownload@@UAGJPAKPAU_tagBINDINFO@@@Z 10007876 f   vfp2curlmon.obj
 0001:0000687b       ?OnLowResource@UrlDownload@@UAGJK@Z 1000787b f   vfp2curlmon.obj
 0001:00006883       ?GetPriority@UrlDownload@@UAGJPAJ@Z 10007883 f   vfp2curlmon.obj
 0001:0000688b       ?OnStartBinding@UrlDownload@@UAGJKPAUIBinding@@@Z 1000788b f   vfp2curlmon.obj
 0001:0000689d       ?Release@UrlDownload@@UAGKXZ 1000789d f   vfp2curlmon.obj
 0001:000068aa       ?AddRef@UrlDownload@@UAGKXZ 100078aa f   vfp2curlmon.obj
 0001:000068b7       ?SignalThreadAbort@UrlDownloadThread@@UAEXXZ 100078b7 f   vfp2curlmon.obj
 0001:000068bf       ?Download@UrlDownload@@QAEJXZ 100078bf f   vfp2curlmon.obj
 0001:000068d2       ?SetCallBack@UrlDownload@@QAEXPAD@Z 100078d2 f   vfp2curlmon.obj
 0001:00006912       ?QueryInterface@UrlDownload@@UAGJABU_GUID@@PAPAX@Z 10007912 f   vfp2curlmon.obj
 0001:0000695d       ?Run@UrlDownloadThread@@UAEKXZ 1000795d f   vfp2curlmon.obj
 0001:00006965       ??0UrlDownload@@QAE@XZ     10007965 f   vfp2curlmon.obj
 0001:00006995       ?SetParams@UrlDownloadThread@@QAEXPAD00@Z 10007995 f   vfp2curlmon.obj
 0001:000069c2       @AbortUrlDownloadToFileEx@4 100079c2 f   vfp2curlmon.obj
 0001:00006a0a       ?OnStopBinding@UrlDownload@@UAGJJPB_W@Z 10007a0a f   vfp2curlmon.obj
 0001:00006a7b       ?OnProgress@UrlDownload@@UAGJKKKPB_W@Z 10007a7b f   vfp2curlmon.obj
 0001:00006b80       ?Release@UrlDownloadThread@@UAEXXZ 10007b80 f   vfp2curlmon.obj
 0001:00006b8d       _VFP2C_Destroy_Urlmon@4    10007b8d f   vfp2curlmon.obj
 0001:00006b9a       _VFP2C_Init_Urlmon@0       10007b9a f   vfp2curlmon.obj
 0001:00006bbe       @UrlDownloadToFileEx@4     10007bbe f   vfp2curlmon.obj
 0001:00006d91       ?FreeGlobalResources@VFP2CTls@@CGXXZ 10007d91 f   vfp2ctls.obj
 0001:00006de6       ?OnUnload@VFP2CTls@@SGXXZ  10007de6 f   vfp2ctls.obj
 0001:00006deb       ??0VFP2CTls@@QAE@XZ        10007deb f   vfp2ctls.obj
 0001:00006e3d       ?Tls@VFP2CTls@@SGAAV1@XZ   10007e3d f   vfp2ctls.obj
 0001:00006e68       ?OnLoad@VFP2CTls@@SGXXZ    10007e68 f   vfp2ctls.obj
 0001:00006e6d       _SNTPTimeToSystemTime@8    10007e6d f   vfp2csntp.obj
 0001:00006ee4       _SystemTimeToSNTPTime@8    10007ee4 f   vfp2csntp.obj
 0001:00006f49       _PacketToSNTPTime@4        10007f49 f   vfp2csntp.obj
 0001:00006f60       _SNTPTimeToPacket@4        10007f60 f   vfp2csntp.obj
 0001:00006f77       _DoubleToSNTPTime@12       10007f77 f   vfp2csntp.obj
 0001:00006fbe       _SNTPTimeToDouble@4        10007fbe f   vfp2csntp.obj
 0001:00007001       @SyncToSNTPServer@4        10008001 f   vfp2csntp.obj
 0001:000074cb       ??1Service@@QAE@XZ         100084cb f   vfp2cservices.obj
 0001:000074df       ??1ServiceManager@@QAE@XZ  100084df f   vfp2cservices.obj
 0001:000074ed       ?Attach@Service@@QAEAAV1@AAUValue@@@Z 100084ed f   vfp2cservices.obj
 0001:00007523       @CloseServiceHandleLib@4   10008523 f   vfp2cservices.obj
 0001:0000758e       ?QueryConfig@Service@@QAEXAAVCBuffer@@@Z 1000858e f   vfp2cservices.obj
 0001:000075ef       ?QueryStatus@Service@@QAEXPAU_SERVICE_STATUS@@@Z 100085ef f   vfp2cservices.obj
 0001:00007630       ?Control@Service@@QAEHK@Z  10008630 f   vfp2cservices.obj
 0001:00007678       ?Start@Service@@QAEHKPAPBDH@Z 10008678 f   vfp2cservices.obj
 0001:00007765       ?Open@Service@@QAEXPAUSC_HANDLE__@@PBDK@Z 10008765 f   vfp2cservices.obj
 0001:000077c3       ??0Service@@QAE@PAUSC_HANDLE__@@PBDK@Z 100087c3 f   vfp2cservices.obj
 0001:000077dd       ?Open@ServiceManager@@QAEXPBD0K@Z 100087dd f   vfp2cservices.obj
 0001:00007827       ??0ServiceManager@@QAE@PBD0K@Z 10008827 f   vfp2cservices.obj
 0001:00007842       @DeleteServiceLib@4        10008842 f   vfp2cservices.obj
 0001:0000798c       @CreateServiceLib@4        1000898c f   vfp2cservices.obj
 0001:00007c25       @AServiceConfig@4          10008c25 f   vfp2cservices.obj
 0001:00007eaf       @AServiceStatus@4          10008eaf f   vfp2cservices.obj
 0001:000080ac       @ControlServiceLib@4       100090ac f   vfp2cservices.obj
 0001:000081ce       @StartServiceLib@4         100091ce f   vfp2cservices.obj
 0001:000083b6       @OpenServiceLib@4          100093b6 f   vfp2cservices.obj
 0001:000084b8       ?StopDependantServices@Service@@QAEXPAUSC_HANDLE__@@@Z 100094b8 f   vfp2cservices.obj
 0001:000085b0       ?WaitForServiceStatus@Service@@QAEHKH@Z 100095b0 f   vfp2cservices.obj
 0001:00008627       ?Continue@Service@@QAEHH@Z 10009627 f   vfp2cservices.obj
 0001:00008695       ?Pause@Service@@QAEHH@Z    10009695 f   vfp2cservices.obj
 0001:00008703       ?Stop@Service@@QAEH_NHPAUSC_HANDLE__@@@Z 10009703 f   vfp2cservices.obj
 0001:00008780       @WaitForServiceStatus@4    10009780 f   vfp2cservices.obj
 0001:000088b6       @ADependentServices@4      100098b6 f   vfp2cservices.obj
 0001:00008c3f       @AServices@4               10009c3f f   vfp2cservices.obj
 0001:00008f9b       @ContinueService@4         10009f9b f   vfp2cservices.obj
 0001:00009101       @PauseService@4            1000a101 f   vfp2cservices.obj
 0001:00009267       @StopServiceLib@4          1000a267 f   vfp2cservices.obj
 0001:000093fd       _NumericLiteralToCurrency@8 1000a3fd f   vfp2codbc.obj
 0001:000094f4       _CurrencyToNumericLiteral@8 1000a4f4 f   vfp2codbc.obj
 0001:000095ad       _CurrencyToNumeric_Struct@8 1000a5ad f   vfp2codbc.obj
 0001:000095e2       _Numeric_StructToCurrency@8 1000a5e2 f   vfp2codbc.obj
 0001:00009631       _DateToTimestamp_Struct@8  1000a631 f   vfp2codbc.obj
 0001:000096e8       _Timestamp_StructToDate@8  1000a6e8 f   vfp2codbc.obj
 0001:00009771       _DateTimeToTimestamp_Struct@8 1000a771 f   vfp2codbc.obj
 0001:0000988c       _Timestamp_StructToDateTime@8 1000a88c f   vfp2codbc.obj
 0001:00009957       _SQLStoreCurrencyByBindingVar@4 1000a957 f   vfp2codbc.obj
 0001:00009984       _SQLStoreCurrencyByBinding@4 1000a984 f   vfp2codbc.obj
 0001:000099b1       _SQLStoreDateTimeByBindingVar@4 1000a9b1 f   vfp2codbc.obj
 0001:000099de       _SQLStoreDateTimeByBinding@4 1000a9de f   vfp2codbc.obj
 0001:00009a0b       _SQLStoreDateByBindingVar@4 1000aa0b f   vfp2codbc.obj
 0001:00009a38       _SQLStoreDateByBinding@4   1000aa38 f   vfp2codbc.obj
 0001:00009a65       _SQLStoreCharByBindingVar@4 1000aa65 f   vfp2codbc.obj
 0001:00009a89       _SQLStoreCharByBinding@4   1000aa89 f   vfp2codbc.obj
 0001:00009aad       _SQLStoreByBindingVar@4    1000aaad f   vfp2codbc.obj
 0001:00009aca       _SQLStoreByBinding@4       1000aaca f   vfp2codbc.obj
 0001:00009ae7       _SQLStoreToVariables@4     1000aae7 f   vfp2codbc.obj
 0001:00009b0c       _SQLExtractInfo@8          1000ab0c f   vfp2codbc.obj
 0001:00009b62       _SQLSaveOutputParameters@4 1000ab62 f   vfp2codbc.obj
 0001:00009ca2       _SQLNumParamsEx@4          1000aca2 f   vfp2codbc.obj
 0001:00009d10       _SQLTypeConvertable@8      1000ad10 f   vfp2codbc.obj
 0001:00009df1       _SQLStoreToCursor@4        1000adf1 f   vfp2codbc.obj
 0001:00009e26       _SQLFixColumnName@4        1000ae26 f   vfp2codbc.obj
 0001:00009e7e       _SQLFindColumn@8           1000ae7e f   vfp2codbc.obj
 0001:00009ec1       _SQLFreeParameterEx@4      1000aec1 f   vfp2codbc.obj
 0001:00009ef3       _SQLFreeColumnBuffers@4    1000aef3 f   vfp2codbc.obj
 0001:00009f3e       _SQLReleaseStatement@12    1000af3e f   vfp2codbc.obj
 0001:0000a0b4       @SQLCancelEx@4             1000b0b4 f   vfp2codbc.obj
 0001:0000a0c7       ?SaveODBCInstallerError@@YGXPAD@Z 1000b0c7 f   vfp2codbc.obj
 0001:0000a133       _SaveODBCError@12          1000b133 f   vfp2codbc.obj
 0001:0000a1a8       _SQLStoreMemoBinaryVar@4   1000b1a8 f   vfp2codbc.obj
 0001:0000a312       _SQLStoreMemoWCharVar@4    1000b312 f   vfp2codbc.obj
 0001:0000a483       _SQLStoreMemoCharVar@4     1000b483 f   vfp2codbc.obj
 0001:0000a5f3       _SQLStoreCurrencyByGetDataVar@4 1000b5f3 f   vfp2codbc.obj
 0001:0000a664       _SQLStoreCurrencyByGetData@4 1000b664 f   vfp2codbc.obj
 0001:0000a6d5       _SQLStoreDateTimeByGetDataVar@4 1000b6d5 f   vfp2codbc.obj
 0001:0000a744       _SQLStoreDateTimeByGetData@4 1000b744 f   vfp2codbc.obj
 0001:0000a7b3       _SQLStoreDateByGetDataVar@4 1000b7b3 f   vfp2codbc.obj
 0001:0000a822       _SQLStoreDateByGetData@4   1000b822 f   vfp2codbc.obj
 0001:0000a891       _SQLStoreCharByGetDataVar@4 1000b891 f   vfp2codbc.obj
 0001:0000a8f9       _SQLStoreCharByGetData@4   1000b8f9 f   vfp2codbc.obj
 0001:0000a961       _SQLStoreByGetDataVar@4    1000b961 f   vfp2codbc.obj
 0001:0000a9c2       _SQLStoreByGetData@4       1000b9c2 f   vfp2codbc.obj
 0001:0000aa23       _SQLFetchToVariables@4     1000ba23 f   vfp2codbc.obj
 0001:0000aa6e       _SQLInfoCallbackOrStore@4  1000ba6e f   vfp2codbc.obj
 0001:0000ab7c       _SQLProgressCallback@12    1000bb7c f   vfp2codbc.obj
 0001:0000ac10       _SQLPutDataEx@4            1000bc10 f   vfp2codbc.obj
 0001:0000ac92       _SQLBindParameterEx@4      1000bc92 f   vfp2codbc.obj
 0001:0000ae75       _SQLBindFieldLocators@8    1000be75 f   vfp2codbc.obj
 0001:0000af16       _SQLCreateCursor@8         1000bf16 f   vfp2codbc.obj
 0001:0000b172       _SQLBindColumnsEx@4        1000c172 f   vfp2codbc.obj
 0001:0000b1d2       _SQLGetMetaData@4          1000c1d2 f   vfp2codbc.obj
 0001:0000b3c1       @SQLSetPropEx@4            1000c3c1 f   vfp2codbc.obj
 0001:0000b672       @SQLGetPropEx@4            1000c672 f   vfp2codbc.obj
 0001:0000b977       @ChangeSQLDataSource@4     1000c977 f   vfp2codbc.obj
 0001:0000ba1c       @DeleteSQLDataSource@4     1000ca1c f   vfp2codbc.obj
 0001:0000bb28       @CreateSQLDataSource@4     1000cb28 f   vfp2codbc.obj
 0001:0000bbc8       _SQLFetchToCursor@8        1000cbc8 f   vfp2codbc.obj
 0001:0000bc7f       _SQLAllocStatement@12      1000cc7f f   vfp2codbc.obj
 0001:0000c11a       _SQLStoreMemoBinary@4      1000d11a f   vfp2codbc.obj
 0001:0000c226       _SQLStoreMemoWChar@4       1000d226 f   vfp2codbc.obj
 0001:0000c342       _SQLStoreMemoChar@4        1000d342 f   vfp2codbc.obj
 0001:0000c45e       _SQLEvaluateParams@4       1000d45e f   vfp2codbc.obj
 0001:0000cb51       _SQLParseParamSchema@4     1000db51 f   vfp2codbc.obj
 0001:0000ce68       _SQLExtractParamsAndRewriteStatement@8 1000de68 f   vfp2codbc.obj
 0001:0000cf8f       _SQLBindVariableLocatorsEx@4 1000df8f f   vfp2codbc.obj
 0001:0000cfd8       _SQLBindVariableLocators@4 1000dfd8 f   vfp2codbc.obj
 0001:0000d0e4       _SQLParseCursorSchemaEx@8  1000e0e4 f   vfp2codbc.obj
 0001:0000d30c       _SQLParseCursorSchema@4    1000e30c f   vfp2codbc.obj
 0001:0000d5fc       _SQLPrepareColumnBindings@4 1000e5fc f   vfp2codbc.obj
 0001:0000e665       _VFP2C_Init_Odbc@0         1000f665 f   vfp2codbc.obj
 0001:0000e6c8       @SQLPrepareEx@4            1000f6c8 f   vfp2codbc.obj
 0001:0000e7fb       @SQLExecEx@4               1000f7fb f   vfp2codbc.obj
 0001:0000edf5       @ASQLDrivers@4             1000fdf5 f   vfp2codbc.obj
 0001:0000ef8c       @ASQLDataSources@4         1000ff8c f   vfp2codbc.obj
 0001:0000f14b       ??1NetApiBuffer@@QAE@XZ    1001014b f   vfp2cnetapi.obj
 0001:0000f159       _VFP2C_Init_Netapi@0       10010159 f   vfp2cnetapi.obj
 0001:0000f221       @ANetServers@4             10010221 f   vfp2cnetapi.obj
 0001:0000f56b       @ANetFiles@4               1001056b f   vfp2cnetapi.obj
 0001:0000f816       _TimeOfDayInfoToDateTime@8 10010816 f   vfp2cnetapi.obj
 0001:0000f926       @GetServerTime@4           10010926 f   vfp2cnetapi.obj
 0001:0000fa64       _VFP2C_Destroy_Marshal@4   10010a64 f   vfp2cmarshal.obj
 0001:0000fa65       @SizeOfMem@4               10010a65 f   vfp2cmarshal.obj
 0001:0000fa89       @WritePWChar@4             10010a89 f   vfp2cmarshal.obj
 0001:0000fad9       _Win32HeapExceptionHandler@4 10010ad9 f   vfp2cmarshal.obj
 0001:0000fb3a       @ReadBytes@4               10010b3a f   vfp2cmarshal.obj
 0001:0000fba2       @ReadCharArray@4           10010ba2 f   vfp2cmarshal.obj
 0001:0000fc03       @ReadPCString@4            10010c03 f   vfp2cmarshal.obj
 0001:0000fc42       @ReadCString@4             10010c42 f   vfp2cmarshal.obj
 0001:0000fc58       @ReadPChar@4               10010c58 f   vfp2cmarshal.obj
 0001:0000fcc3       @ReadChar@4                10010cc3 f   vfp2cmarshal.obj
 0001:0000fd16       @ReadPPointer@4            10010d16 f   vfp2cmarshal.obj
 0001:0000fd3c       @ReadPointer@4             10010d3c f   vfp2cmarshal.obj
 0001:0000fd57       @ReadPLogical@4            10010d57 f   vfp2cmarshal.obj
 0001:0000fd7a       @ReadLogical@4             10010d7a f   vfp2cmarshal.obj
 0001:0000fd92       @ReadPDouble@4             10010d92 f   vfp2cmarshal.obj
 0001:0000fdbb       @ReadDouble@4              10010dbb f   vfp2cmarshal.obj
 0001:0000fdd9       @ReadPFloat@4              10010dd9 f   vfp2cmarshal.obj
 0001:0000fe01       @ReadFloat@4               10010e01 f   vfp2cmarshal.obj
 0001:0000fe1e       @ReadPUInt64@4             10010e1e f   vfp2cmarshal.obj
 0001:0000fe69       @ReadUInt64@4              10010e69 f   vfp2cmarshal.obj
 0001:0000fea9       @ReadPInt64@4              10010ea9 f   vfp2cmarshal.obj
 0001:0000fef4       @ReadInt64@4               10010ef4 f   vfp2cmarshal.obj
 0001:0000ff34       @ReadPUInt@4               10010f34 f   vfp2cmarshal.obj
 0001:0000ff57       @ReadUInt@4                10010f57 f   vfp2cmarshal.obj
 0001:0000ff6f       @ReadPInt@4                10010f6f f   vfp2cmarshal.obj
 0001:0000ff95       @ReadInt@4                 10010f95 f   vfp2cmarshal.obj
 0001:0000ffb0       @ReadPUShort@4             10010fb0 f   vfp2cmarshal.obj
 0001:0000ffd7       @ReadUShort@4              10010fd7 f   vfp2cmarshal.obj
 0001:0000fff3       @ReadPShort@4              10010ff3 f   vfp2cmarshal.obj
 0001:0001001a       @ReadShort@4               1001101a f   vfp2cmarshal.obj
 0001:00010036       @ReadPUInt8@4              10011036 f   vfp2cmarshal.obj
 0001:0001005d       @ReadUInt8@4               1001105d f   vfp2cmarshal.obj
 0001:00010079       @ReadPInt8@4               10011079 f   vfp2cmarshal.obj
 0001:000100a0       @ReadInt8@4                100110a0 f   vfp2cmarshal.obj
 0001:000100bc       @WriteBytes@4              100110bc f   vfp2cmarshal.obj
 0001:00010106       @WriteCharArray@4          10011106 f   vfp2cmarshal.obj
 0001:0001017f       @WriteGPCString@4          1001117f f   vfp2cmarshal.obj
 0001:00010274       @WriteWChar@4              10011274 f   vfp2cmarshal.obj
 0001:000102ca       @WritePChar@4              100112ca f   vfp2cmarshal.obj
 0001:000102f2       @WriteChar@4               100112f2 f   vfp2cmarshal.obj
 0001:00010313       @WritePPointer@4           10011313 f   vfp2cmarshal.obj
 0001:00010338       @WritePointer@4            10011338 f   vfp2cmarshal.obj
 0001:00010357       @WritePLogical@4           10011357 f   vfp2cmarshal.obj
 0001:00010374       @WriteLogical@4            10011374 f   vfp2cmarshal.obj
 0001:0001038b       @WritePDouble@4            1001138b f   vfp2cmarshal.obj
 0001:000103a8       @WriteDouble@4             100113a8 f   vfp2cmarshal.obj
 0001:000103bf       @WritePFloat@4             100113bf f   vfp2cmarshal.obj
 0001:000103dc       @WriteFloat@4              100113dc f   vfp2cmarshal.obj
 0001:000103f3       @WritePUInt64@4            100113f3 f   vfp2cmarshal.obj
 0001:00010457       @WriteUInt64@4             10011457 f   vfp2cmarshal.obj
 0001:000104b4       @WritePInt64@4             100114b4 f   vfp2cmarshal.obj
 0001:00010518       @WriteInt64@4              10011518 f   vfp2cmarshal.obj
 0001:00010575       @WritePUInt@4              10011575 f   vfp2cmarshal.obj
 0001:0001059a       @WriteUInt@4               1001159a f   vfp2cmarshal.obj
 0001:000105b9       @WritePInt@4               100115b9 f   vfp2cmarshal.obj
 0001:000105d6       @WriteInt@4                100115d6 f   vfp2cmarshal.obj
 0001:000105ed       @WritePUShort@4            100115ed f   vfp2cmarshal.obj
 0001:0001060c       @WriteUShort@4             1001160c f   vfp2cmarshal.obj
 0001:00010625       @WritePShort@4             10011625 f   vfp2cmarshal.obj
 0001:00010644       @WriteShort@4              10011644 f   vfp2cmarshal.obj
 0001:0001065d       @WritePUInt8@4             1001165d f   vfp2cmarshal.obj
 0001:0001067a       @WriteUInt8@4              1001167a f   vfp2cmarshal.obj
 0001:00010691       @WritePInt8@4              10011691 f   vfp2cmarshal.obj
 0001:000106ae       @WriteInt8@4               100116ae f   vfp2cmarshal.obj
 0001:000106c5       @UnlockHGlobal@4           100116c5 f   vfp2cmarshal.obj
 0001:0001070c       @LockHGlobal@4             1001170c f   vfp2cmarshal.obj
 0001:00010746       @ReAllocHGlobal@4          10011746 f   vfp2cmarshal.obj
 0001:00010793       @FreeHGlobal@4             10011793 f   vfp2cmarshal.obj
 0001:000107c8       @AllocHGlobal@4            100117c8 f   vfp2cmarshal.obj
 0001:00010811       @FreePMem@4                10011811 f   vfp2cmarshal.obj
 0001:00010854       @FreeMem@4                 10011854 f   vfp2cmarshal.obj
 0001:00010891       @ReadWCharArray@4          10011891 f   vfp2cmarshal.obj
 0001:00010946       @ReadPWString@4            10011946 f   vfp2cmarshal.obj
 0001:00010a12       @ReadWString@4             10011a12 f   vfp2cmarshal.obj
 0001:00010ac7       @WriteWCharArray@4         10011ac7 f   vfp2cmarshal.obj
 0001:00010b55       @FreeRefArray@4            10011b55 f   vfp2cmarshal.obj
 0001:00010bdc       _VFP2C_Init_Marshal@0      10011bdc f   vfp2cmarshal.obj
 0001:00010c59       @MarshalCArray2Cursor@4    10011c59 f   vfp2cmarshal.obj
 0001:00011648       @MarshalCursor2CArray@4    10012648 f   vfp2cmarshal.obj
 0001:000120f8       @MarshalCArray2FoxArray@4  100130f8 f   vfp2cmarshal.obj
 0001:00012928       @MarshalFoxArray2CArray@4  10013928 f   vfp2cmarshal.obj
 0001:000132f4       @WritePWString@4           100142f4 f   vfp2cmarshal.obj
 0001:0001344e       @WriteWString@4            1001444e f   vfp2cmarshal.obj
 0001:0001354e       @WritePCString@4           1001454e f   vfp2cmarshal.obj
 0001:00013674       @WriteCString@4            10014674 f   vfp2cmarshal.obj
 0001:00013732       @AMemBlocks@4              10014732 f   vfp2cmarshal.obj
 0001:00013890       @CompactMem@4              10014890 f   vfp2cmarshal.obj
 0001:000138b2       @ValidateMem@4             100148b2 f   vfp2cmarshal.obj
 0001:000138e3       @ReAllocMem@4              100148e3 f   vfp2cmarshal.obj
 0001:0001396b       @AllocMemTo@4              1001496b f   vfp2cmarshal.obj
 0001:000139fa       @AllocMem@4                100149fa f   vfp2cmarshal.obj
 0001:00013a6a       _Binary2Mac@8              10014a6a f   vfp2ciphelper.obj
 0001:00013ab5       ?Status@IcmpFile@@QAEHXZ   10014ab5 f   vfp2ciphelper.obj
 0001:00013abc       ?RoundTripTime@IcmpFile@@QAEHXZ 10014abc f   vfp2ciphelper.obj
 0001:00013ac3       ?Address@IcmpFile@@QAEPADXZ 10014ac3 f   vfp2ciphelper.obj
 0001:00013acf       ?ValidData@IcmpFile@@QAE_NXZ 10014acf f   vfp2ciphelper.obj
 0001:00013af7       ?Ping@IcmpFile@@QAE_NJ@Z   10014af7 f   vfp2ciphelper.obj
 0001:00013b2f       ?SetOptions@IcmpFile@@QAEXEEKG_N@Z 10014b2f f   vfp2ciphelper.obj
 0001:00013b99       ??1IcmpFile@@QAE@XZ        10014b99 f   vfp2ciphelper.obj
 0001:00013be3       _VFP2C_Init_IpHelper@0     10014be3 f   vfp2ciphelper.obj
 0001:00013cd0       ??0IcmpFile@@QAE@XZ        10014cd0 f   vfp2ciphelper.obj
 0001:00013d4a       @IcmpPing@4                10014d4a f   vfp2ciphelper.obj
 0001:00014089       @Ip2MacAddress@4           10015089 f   vfp2ciphelper.obj
 0001:000141c1       ?WaitForThreadShutdown@CThread@@QAEXK@Z 100151c1 f   vfp2chelpers.obj
 0001:000141d1       ?WaitForThreadShutdown@CThread@@QAEXXZ 100151d1 f   vfp2chelpers.obj
 0001:000141dd       ?Leave@CCriticalSection@@QAEXXZ 100151dd f   vfp2chelpers.obj
 0001:000141e3       ?Enter@CCriticalSection@@QAEXXZ 100151e3 f   vfp2chelpers.obj
 0001:000141e9       ?Initialized@CCriticalSection@@QAE_NXZ 100151e9 f   vfp2chelpers.obj
 0001:000141ed       ??4RegistryKey@@QAEAAV0@PAUHKEY__@@@Z 100151ed f   vfp2chelpers.obj
 0001:0001420f       ?Detach@CBuffer@@QAEXAAV1@@Z 1001520f f   vfp2chelpers.obj
 0001:00014221       ?Size@CBuffer@@QAEXI@Z     10015221 f   vfp2chelpers.obj
 0001:00014259       ??1CBuffer@@QAE@XZ         10015259 f   vfp2chelpers.obj
 0001:00014267       ??0CBuffer@@QAE@I@Z        10015267 f   vfp2chelpers.obj
 0001:00014294       ??8CStr@@QBE_NPBD@Z        10015294 f   vfp2chelpers.obj
 0001:000142cb       ?Strdup@CStr@@QBEPADXZ     100152cb f   vfp2chelpers.obj
 0001:000142f7       ?IsWildcardPath@CStr@@QBE_NXZ 100152f7 f   vfp2chelpers.obj
 0001:0001431f       ?Justpath@CStr@@QAEAAV1@XZ 1001531f f   vfp2chelpers.obj
 0001:0001433e       ?Size@CStr@@QAEXI@Z        1001533e f   vfp2chelpers.obj
 0001:000143da       ??1CStr@@QAE@XZ            100153da f   vfp2chelpers.obj
 0001:000143e8       ??0CStr@@QAE@I@Z           100153e8 f   vfp2chelpers.obj
 0001:0001441c       ?Init@COs@@SGXXZ           1001541c f   vfp2chelpers.obj
 0001:00014658       ?AbortThread@CThreadManager@@QAE_NPAVCThread@@@Z 10015658 f   vfp2chelpers.obj
 0001:00014695       ?LeaveCriticalSection@CThreadManager@@QAEXXZ 10015695 f   vfp2chelpers.obj
 0001:0001469b       ?EnterCriticalSection@CThreadManager@@QAEXXZ 1001569b f   vfp2chelpers.obj
 0001:000146a1       ?Initialized@CThreadManager@@QAE_NXZ 100156a1 f   vfp2chelpers.obj
 0001:000146a5       ?ThreadProc@CThread@@SGKPAX@Z 100156a5 f   vfp2chelpers.obj
 0001:000146da       ??YCStr@@QAEAAV0@PBD@Z     100156da f   vfp2chelpers.obj
 0001:00014728       ??YCStr@@QAEAAV0@ABV0@@Z   10015728 f   vfp2chelpers.obj
 0001:00014767       ??4CStr@@QAEAAV0@PBD@Z     10015767 f   vfp2chelpers.obj
 0001:000147ad       ??4CStr@@QAEAAV0@ABV0@@Z   100157ad f   vfp2chelpers.obj
 0001:000147dd       ?RegValueToPropertyName@CStr@@QAEAAV1@XZ 100157dd f   vfp2chelpers.obj
 0001:0001486a       ?AddBsWc@CStr@@QAEAAV1@XZ  1001586a f   vfp2chelpers.obj
 0001:000148d7       ?AddBs@CStr@@QAEAAV1@XZ    100158d7 f   vfp2chelpers.obj
 0001:0001490b       ?AddThread@CThreadManager@@QAEXPAVCThread@@@Z 1001590b f   vfp2chelpers.obj
 0001:0001492b       ?AddLastPath@CStr@@QAEAAV1@PBD@Z 1001592b f   vfp2chelpers.obj
 0001:00014998       ?RemoveThread@CThreadManager@@QAEXPAVCThread@@@Z 10015998 f   vfp2chelpers.obj
 0001:000149c5       ??1CThread@@QAE@XZ         100159c5 f   vfp2chelpers.obj
 0001:000149e6       ?Format@CStr@@QAAIPBDZZ    100159e6 f   vfp2chelpers.obj
 0001:00014c23       ?Release@CThread@@UAEXXZ   10015c23 f   vfp2chelpers.obj
 0001:00014c38       ?StartThread@CThread@@QAEXXZ 10015c38 f   vfp2chelpers.obj
 0001:00014c9a       ?Initialize@CCriticalSection@@QAE_NK@Z 10015c9a f   vfp2chelpers.obj
 0001:00014ccd       ?SetValue@RegistryKey@@QAEXPBDPAEKK@Z 10015ccd f   vfp2chelpers.obj
 0001:00014d13       ?QueryValue@RegistryKey@@QAEXPADPAEPAK2@Z 10015d13 f   vfp2chelpers.obj
 0001:00014d74       ?QueryValueInfo@RegistryKey@@QAEKPADAAK@Z 10015d74 f   vfp2chelpers.obj
 0001:00014dc0       ?EnumNextValue@RegistryKey@@QAE_NPADPAKPAE11@Z 10015dc0 f   vfp2chelpers.obj
 0001:00014e32       ?EnumFirstValue@RegistryKey@@QAE_NPADPAKPAE11@Z 10015e32 f   vfp2chelpers.obj
 0001:00014ea1       ?EnumNextKey@RegistryKey@@QAE_NPADPAK01PAU_FILETIME@@@Z 10015ea1 f   vfp2chelpers.obj
 0001:00014eff       ?EnumFirstKey@RegistryKey@@QAE_NPADPAK01PAU_FILETIME@@@Z 10015eff f   vfp2chelpers.obj
 0001:00014f5b       ?QueryInfo@RegistryKey@@QAEXPADPAK1111111PAU_FILETIME@@@Z 10015f5b f   vfp2chelpers.obj
 0001:00014fc3       ?Delete@RegistryKey@@QAE_NPAUHKEY__@@PBD_N@Z 10015fc3 f   vfp2chelpers.obj
 0001:0001500c       ?OpenSubKey@RegistryKey@@QAEPAUHKEY__@@PBDKK@Z 1001600c f   vfp2chelpers.obj
 0001:00015057       ?Open@RegistryKey@@QAEXPAUHKEY__@@PBDKK@Z 10016057 f   vfp2chelpers.obj
 0001:000150c2       ?Create@RegistryKey@@QAE_NPAUHKEY__@@PBDPADKK@Z 100160c2 f   vfp2chelpers.obj
 0001:00015132       ?ShutdownThreads@CThreadManager@@QAEXXZ 10016132 f   vfp2chelpers.obj
 0001:00015183       ?Initialize@CThreadManager@@QAE_NXZ 10016183 f   vfp2chelpers.obj
 0001:0001518a       ?BigEndianWideCharToMultiByte@@YGXPA_WIPADI@Z 1001618a f   vfp2cfont.obj
 0001:000151c5       ?GetFontNameRecord@@YGPAU_TT_NAME_RECORD@@PAU1@GGGG@Z 100161c5 f   vfp2cfont.obj
 0001:00015203       @AFontInfo@4               10016203 f   vfp2cfont.obj
 0001:00015d0e       _MapFileAccessFlags@24     10016d0e f   vfp2cfile.obj
 0001:00015d6d       _FileExists@4              10016d6d f   vfp2cfile.obj
 0001:00015dab       _AdirExFilter_Exact@8      10016dab f   vfp2cfile.obj
 0001:00015dbb       _AdirExFilter_None@8       10016dbb f   vfp2cfile.obj
 0001:00015dcb       _AdirExFilter_One@8        10016dcb f   vfp2cfile.obj
 0001:00015dde       _AdirExFilter_All@8        10016dde f   vfp2cfile.obj
 0001:00015df2       _VFP2C_Destroy_File@4      10016df2 f   vfp2cfile.obj
 0001:00015e1b       ?IsFakeDir@FileSearch@@QBE_NXZ 10016e1b f   vfp2cfile.obj
 0001:00015e4e       ??1VolumeMountPointSearch@@QAE@XZ 10016e4e f   vfp2cfile.obj
 0001:00015e94       ??1VolumeSearch@@QAE@XZ    10016e94 f   vfp2cfile.obj
 0001:00015eaa       @FUnlockFileEx@4           10016eaa f   vfp2cfile.obj
 0001:00015f89       @FLockFileEx@4             10016f89 f   vfp2cfile.obj
 0001:0001607d       @FUnlockFile@4             1001707d f   vfp2cfile.obj
 0001:0001614a       @FLockFile@4               1001714a f   vfp2cfile.obj
 0001:00016217       @FFlushEx@4                10017217 f   vfp2cfile.obj
 0001:0001624c       @FChSizeEx@4               1001724c f   vfp2cfile.obj
 0001:000163cc       @FEoFEx@4                  100173cc f   vfp2cfile.obj
 0001:000164dd       @FSeekEx@4                 100174dd f   vfp2cfile.obj
 0001:000165ac       @FPutsEx@4                 100175ac f   vfp2cfile.obj
 0001:00016680       @FGetsEx@4                 10017680 f   vfp2cfile.obj
 0001:000167c8       @FWriteEx@4                100177c8 f   vfp2cfile.obj
 0001:00016889       @FReadEx@4                 10017889 f   vfp2cfile.obj
 0001:00016913       @FCloseEx@4                10017913 f   vfp2cfile.obj
 0001:0001699e       _CompareFileTimesEx@8      1001799e f   vfp2cfile.obj
 0001:00016ab8       _PathIsSameVolume@8        10017ab8 f   vfp2cfile.obj
 0001:00016b5d       _RemoveReadOnlyAttribW@8   10017b5d f   vfp2cfile.obj
 0001:00016bc8       _RemoveReadOnlyAttrib@8    10017bc8 f   vfp2cfile.obj
 0001:00016c33       _DeleteFileExExW@8         10017c33 f   vfp2cfile.obj
 0001:00016c7a       _DeleteFileExEx@8          10017c7a f   vfp2cfile.obj
 0001:00016cc1       _RemoveDirectoryEx@4       10017cc1 f   vfp2cfile.obj
 0001:00016d00       _CreateDirectoryExEx@4     10017d00 f   vfp2cfile.obj
 0001:00016d4d       @ExpandEnvironmentStringsLib@4 10017d4d f   vfp2cfile.obj
 0001:00016e53       @GetSystemDirectoryLib@4   10017e53 f   vfp2cfile.obj
 0001:00016ee7       @GetWindowsDirectoryLib@4  10017ee7 f   vfp2cfile.obj
 0001:00016f7b       @SHRenameFiles@4           10017f7b f   vfp2cfile.obj
 0001:00017092       @SHMoveFiles@4             10018092 f   vfp2cfile.obj
 0001:0001719f       @SHDeleteFiles@4           1001819f f   vfp2cfile.obj
 0001:00017282       @SHCopyFiles@4             10018282 f   vfp2cfile.obj
 0001:00017390       @SHSpecialFolder@4         10018390 f   vfp2cfile.obj
 0001:000174ac       @CompareFileTimes@4        100184ac f   vfp2cfile.obj
 0001:00017540       _CopyFileProgress@16       10018540 f   vfp2cfile.obj
 0001:000177f7       _MoveFileProgress@24       100187f7 f   vfp2cfile.obj
 0001:00017866       @MoveFileExLib@4           10018866 f   vfp2cfile.obj
 0001:000179bf       @CopyFileExLib@4           100189bf f   vfp2cfile.obj
 0001:00017af4       @GetShortPathNameLib@4     10018af4 f   vfp2cfile.obj
 0001:00017bb3       @GetLongPathNameLib@4      10018bb3 f   vfp2cfile.obj
 0001:00017c72       @GetFileOwner@4            10018c72 f   vfp2cfile.obj
 0001:00017ee6       @SetFileAttributesLib@4    10018ee6 f   vfp2cfile.obj
 0001:00017f7c       @GetFileAttributesLib@4    10018f7c f   vfp2cfile.obj
 0001:00018010       @GetFileSizeLib@4          10019010 f   vfp2cfile.obj
 0001:00018135       ?FindNext@VolumeMountPointSearch@@QAE_NXZ 10019135 f   vfp2cfile.obj
 0001:0001819c       ?FindFirst@VolumeMountPointSearch@@QAE_NPAD@Z 1001919c f   vfp2cfile.obj
 0001:00018202       ?FindNext@VolumeSearch@@QAE_NXZ 10019202 f   vfp2cfile.obj
 0001:00018269       ?FindFirst@VolumeSearch@@QAE_NXZ 10019269 f   vfp2cfile.obj
 0001:000182c4       ?FindNext@FileSearch@@QAE_NXZ 100192c4 f   vfp2cfile.obj
 0001:00018324       ?FindFirst@FileSearch@@QAE_NPAD@Z 10019324 f   vfp2cfile.obj
 0001:00018376       @AFHandlesEx@4             10019376 f   vfp2cfile.obj
 0001:0001841e       @FOpenEx@4                 1001941e f   vfp2cfile.obj
 0001:0001859f       @FCreateEx@4               1001959f f   vfp2cfile.obj
 0001:0001871a       _DeleteDirectoryEx@4       1001971a f   vfp2cfile.obj
 0001:0001887e       @AVolumeInformation@4      1001987e f   vfp2cfile.obj
 0001:00018a2b       @AVolumePaths@4            10019a2b f   vfp2cfile.obj
 0001:00018c24       @ADriveInfo@4              10019c24 f   vfp2cfile.obj
 0001:00018e5a       _GetFileNameCallback@16    10019e5a f   vfp2cfile.obj
 0001:00018ef9       _SHBrowseCallback@16       10019ef9 f   vfp2cfile.obj
 0001:00018f97       @DeleteDirectory@4         10019f97 f   vfp2cfile.obj
 0001:00018fef       @DeleteFileEx@4            10019fef f   vfp2cfile.obj
 0001:000190ad       @AVolumeMountPoints@4      1001a0ad f   vfp2cfile.obj
 0001:0001917f       @AVolumes@4                1001a17f f   vfp2cfile.obj
 0001:00019232       @GetSaveFileNameLib@4      1001a232 f   vfp2cfile.obj
 0001:00019604       @GetOpenFileNameLib@4      1001a604 f   vfp2cfile.obj
 0001:000199da       @SHBrowseFolder@4          1001a9da f   vfp2cfile.obj
 0001:00019ced       @SetFileTimes@4            1001aced f   vfp2cfile.obj
[...]
 0001:00031171       $L160179                   10032171 f    CIL library: CIL module
 0001:00031179       $L160180                   10032179 f    CIL library: CIL module
 0001:00031184       $L160181                   10032184 f    CIL library: CIL module
 0001:0003118f       $L160182                   1003218f f    CIL library: CIL module
 0001:00031197       $L160183                   10032197 f    CIL library: CIL module
 0001:0003119f       __ehhandler$@MarshalCArray2Cursor@4 1003219f f    CIL library: CIL module
 0001:000311a9       $L160513                   100321a9 f    CIL library: CIL module
 0001:000311b1       $L160514                   100321b1 f    CIL library: CIL module
 0001:000311bc       $L160515                   100321bc f    CIL library: CIL module
 0001:000311c4       __ehhandler$@MarshalCursor2CArray@4 100321c4 f    CIL library: CIL module
 0001:000311ce       $L160873                   100321ce f    CIL library: CIL module
 0001:000311d6       $L160874                   100321d6 f    CIL library: CIL module
 0001:000311de       $L160875                   100321de f    CIL library: CIL module
 0001:000311e6       $L160876                   100321e6 f    CIL library: CIL module
 0001:000311ee       $L160877                   100321ee f    CIL library: CIL module
 0001:000311f6       $L160878                   100321f6 f    CIL library: CIL module
 0001:000311fe       $L160879                   100321fe f    CIL library: CIL module
 0001:00031206       $L160880                   10032206 f    CIL library: CIL module
 0001:00031211       $L160881                   10032211 f    CIL library: CIL module
 0001:00031219       $L160882                   10032219 f    CIL library: CIL module
 0001:00031224       $L160883                   10032224 f    CIL library: CIL module
 0001:0003122c       $L160884                   1003222c f    CIL library: CIL module
 0001:00031237       $L160885                   10032237 f    CIL library: CIL module
 0001:00031242       $L160886                   10032242 f    CIL library: CIL module
 0001:0003124a       $L160887                   1003224a f    CIL library: CIL module
 0001:00031252       __ehhandler$@MarshalCArray2FoxArray@4 10032252 f    CIL library: CIL module
 0001:0003125c       $L161400                   1003225c f    CIL library: CIL module
 0001:00031264       __ehhandler$@MarshalFoxArray2CArray@4 10032264 f    CIL library: CIL module
 0001:0003126e       __ehhandler$@AMemBlocks@4  1003226e f    CIL library: CIL module
 0001:00031278       $L162199                   10032278 f    CIL library: CIL module
 0001:00031283       $L162200                   10032283 f    CIL library: CIL module
 0001:0003128e       $L162201                   1003228e f    CIL library: CIL module
 0001:00031298       __ehhandler$@IcmpPing@4    10032298 f    CIL library: CIL module
 0001:000312a2       $L162278                   100322a2 f    CIL library: CIL module
 0001:000312ad       $L162279                   100322ad f    CIL library: CIL module
 0001:000312b5       __ehhandler$@Ip2MacAddress@4 100322b5 f    CIL library: CIL module
 0001:000312bf       $L162306                   100322bf f    CIL library: CIL module
 0001:000312ca       $L162307                   100322ca f    CIL library: CIL module
 0001:000312d4       __ehhandler$@AVolumeMountPoints@4 100322d4 f    CIL library: CIL module
 0001:000312de       $L162342                   100322de f    CIL library: CIL module
 0001:000312e6       __ehhandler$@AVolumes@4    100322e6 f    CIL library: CIL module
 0001:000312f0       $L162380                   100322f0 f    CIL library: CIL module
 0001:000312fb       $L162381                   100322fb f    CIL library: CIL module
 0001:00031306       $L162382                   10032306 f    CIL library: CIL module
 0001:00031311       $L162383                   10032311 f    CIL library: CIL module
 0001:0003131c       $L162384                   1003231c f    CIL library: CIL module
 0001:00031327       $L162385                   10032327 f    CIL library: CIL module
 0001:00031332       $L162386                   10032332 f    CIL library: CIL module
 0001:0003133d       $L162387                   1003233d f    CIL library: CIL module
 0001:00031348       __ehhandler$@GetSaveFileNameLib@4 10032348 f    CIL library: CIL module
 0001:00031352       $L162489                   10032352 f    CIL library: CIL module
 0001:0003135d       $L162490                   1003235d f    CIL library: CIL module
 0001:00031368       $L162491                   10032368 f    CIL library: CIL module
 0001:00031373       $L162492                   10032373 f    CIL library: CIL module
 0001:0003137e       $L162493                   1003237e f    CIL library: CIL module
 0001:00031389       $L162494                   10032389 f    CIL library: CIL module
 0001:00031394       $L162495                   10032394 f    CIL library: CIL module
 0001:0003139f       __ehhandler$@GetOpenFileNameLib@4 1003239f f    CIL library: CIL module
 0001:000313a9       $L162609                   100323a9 f    CIL library: CIL module
 0001:000313b4       $L162610                   100323b4 f    CIL library: CIL module
 0001:000313c1       $L162611                   100323c1 f    CIL library: CIL module
 0001:000313cc       $L162612                   100323cc f    CIL library: CIL module
 0001:000313d7       $L162613                   100323d7 f    CIL library: CIL module
 0001:000313df       $L162614                   100323df f    CIL library: CIL module
 0001:000313e7       __ehhandler$@SHBrowseFolder@4 100323e7 f    CIL library: CIL module
 0001:000313f1       $L162756                   100323f1 f    CIL library: CIL module
 0001:000313fc       $L162757                   100323fc f    CIL library: CIL module
 0001:00031404       $L162758                   10032404 f    CIL library: CIL module
 0001:0003140c       __ehhandler$@SetFileTimes@4 1003240c f    CIL library: CIL module
 0001:00031416       $L162867                   10032416 f    CIL library: CIL module
 0001:00031421       $L162868                   10032421 f    CIL library: CIL module
 0001:00031429       $L162869                   10032429 f    CIL library: CIL module
 0001:00031431       __ehhandler$@GetFileTimes@4 10032431 f    CIL library: CIL module
 0001:0003143b       $L163000                   1003243b f    CIL library: CIL module
 0001:00031446       $L163001                   10032446 f    CIL library: CIL module
 0001:0003144e       $L163002                   1003244e f    CIL library: CIL module
 0001:00031456       $L163003                   10032456 f    CIL library: CIL module
 0001:0003145e       __ehhandler$@AFileAttributesEx@4 1003245e f    CIL library: CIL module
 0001:00031468       $L163126                   10032468 f    CIL library: CIL module
 0001:00031473       $L163127                   10032473 f    CIL library: CIL module
 0001:0003147b       $L163128                   1003247b f    CIL library: CIL module
 0001:00031483       __ehhandler$@AFileAttributes@4 10032483 f    CIL library: CIL module
 0001:0003148d       $L163207                   1003248d f    CIL library: CIL module
 0001:00031498       __ehhandler$_ADirectoryInfoSubRoutine@8 10032498 f    CIL library: CIL module
 0001:000314a2       $L163252                   100324a2 f    CIL library: CIL module
 0001:000314ad       $L163253                   100324ad f    CIL library: CIL module
 0001:000314b5       __ehhandler$@ADirectoryInfo@4 100324b5 f    CIL library: CIL module
 0001:000314bf       $L163304                   100324bf f    CIL library: CIL module
 0001:000314ca       $L163305                   100324ca f    CIL library: CIL module
 0001:000314d5       $L163306                   100324d5 f    CIL library: CIL module
 0001:000314e0       $L163307                   100324e0 f    CIL library: CIL module
 0001:000314e8       $L163308                   100324e8 f    CIL library: CIL module
 0001:000314f0       $L163309                   100324f0 f    CIL library: CIL module
 0001:000314fb       $L163310                   100324fb f    CIL library: CIL module
 0001:00031506       $L163311                   10032506 f    CIL library: CIL module
 0001:00031511       __ehhandler$@ADirEx@4      10032511 f    CIL library: CIL module
 0001:0003151b       $L163531                   1003251b f    CIL library: CIL module
 0001:00031526       $L163532                   10032526 f    CIL library: CIL module
 0001:0003152e       __ehhandler$@ADisplayDevices@4 1003252e f    CIL library: CIL module
 0001:00031538       $L163569                   10032538 f    CIL library: CIL module
 0001:00031543       __ehhandler$@AResolutions@4 10032543 f    CIL library: CIL module
 0001:0003154d       $L163617                   1003254d f    CIL library: CIL module
 0001:00031558       $L163618                   10032558 f    CIL library: CIL module
 0001:00031560       $L163619                   10032560 f    CIL library: CIL module
 0001:0003156b       __ehhandler$@AResourceLanguages@4 1003256b f    CIL library: CIL module
 0001:00031575       $L163686                   10032575 f    CIL library: CIL module
 0001:00031580       $L163687                   10032580 f    CIL library: CIL module
 0001:00031588       __ehhandler$@AResourceNames@4 10032588 f    CIL library: CIL module
 0001:00031592       $L163738                   10032592 f    CIL library: CIL module
 0001:0003159d       __ehhandler$@AResourceTypes@4 1003259d f    CIL library: CIL module
 0001:000315a7       __ehhandler$@AHeapBlocks@4 100325a7 f    CIL library: CIL module
 0001:000315b1       $L163822                   100325b1 f    CIL library: CIL module
 0001:000315b9       __ehhandler$@AProcessHeaps@4 100325b9 f    CIL library: CIL module
 0001:000315c3       $L163906                   100325c3 f    CIL library: CIL module
 0001:000315ce       $L163907                   100325ce f    CIL library: CIL module
 0001:000315d6       __ehhandler$@AProcessModules@4 100325d6 f    CIL library: CIL module
 0001:000315e0       $L164000                   100325e0 f    CIL library: CIL module
 0001:000315e8       __ehhandler$@AProcessThreads@4 100325e8 f    CIL library: CIL module
 0001:000315f2       $L164087                   100325f2 f    CIL library: CIL module
 0001:000315fa       $L164088                   100325fa f    CIL library: CIL module
 0001:00031605       __ehhandler$@AProcesses@4  10032605 f    CIL library: CIL module
 0001:0003160f       __ehhandler$@AMonitors@4   1003260f f    CIL library: CIL module
 0001:00031619       $L164254                   10032619 f    CIL library: CIL module
 0001:00031624       __ehhandler$@AWindowProps@4 10032624 f    CIL library: CIL module
 0001:0003162e       $L164367                   1003262e f    CIL library: CIL module
 0001:00031636       $L164368                   10032636 f    CIL library: CIL module
 0001:00031641       __ehhandler$@AWindowsEx@4  10032641 f    CIL library: CIL module
 0001:0003164b       $L164412                   1003264b f    CIL library: CIL module
 0001:00031653       __ehhandler$@AWindows@4    10032653 f    CIL library: CIL module
 0001:0003165d       $L164455                   1003265d f    CIL library: CIL module
 0001:00031668       __ehhandler$@ADesktops@4   10032668 f    CIL library: CIL module
 0001:00031672       $L164482                   10032672 f    CIL library: CIL module
 0001:0003167d       __ehhandler$@AWindowStations@4 1003267d f    CIL library: CIL module
 0001:00031687       $L164530                   10032687 f    CIL library: CIL module
 0001:0003168f       $L164531                   1003268f f    CIL library: CIL module
 0001:00031697       $L164532                   10032697 f    CIL library: CIL module
 0001:000316a2       __ehhandler$@Variant2Value@4 100326a2 f    CIL library: CIL module
 0001:000316ac       $L164606                   100326ac f    CIL library: CIL module
 0001:000316b7       $L164607                   100326b7 f    CIL library: CIL module
 0001:000316bf       $L164608                   100326bf f    CIL library: CIL module
 0001:000316c7       __ehhandler$@PG_Str2ByteA@4 100326c7 f    CIL library: CIL module
 0001:000316d1       $L164655                   100326d1 f    CIL library: CIL module
 0001:000316dc       $L164656                   100326dc f    CIL library: CIL module
 0001:000316e4       $L164657                   100326e4 f    CIL library: CIL module
 0001:000316ec       __ehhandler$@PG_ByteA2Str@4 100326ec f    CIL library: CIL module
 0001:000316f6       $L164712                   100326f6 f    CIL library: CIL module
 0001:00031703       $L164713                   10032703 f    CIL library: CIL module
 0001:00031710       $L164714                   10032710 f    CIL library: CIL module
 0001:00031718       $L164715                   10032718 f    CIL library: CIL module
 0001:00031720       $L164716                   10032720 f    CIL library: CIL module
 0001:00031728       $L164717                   10032728 f    CIL library: CIL module
 0001:00031730       __ehhandler$@RegisterObjectAsFileMoniker@4 10032730 f    CIL library: CIL module
 0001:0003173a       $L164833                   1003273a f    CIL library: CIL module
 0001:00031742       $L164834                   10032742 f    CIL library: CIL module
 0001:0003174a       __ehhandler$_VFP2C_Init_Com@0 1003274a f    CIL library: CIL module
 0001:00031754       __ehhandler$@UnbindEventsEx@4 10032754 f    CIL library: CIL module
 0001:0003175e       __ehhandler$@CancelWaitForObject@4 1003275e f    CIL library: CIL module
 0001:00031768       $L164964                   10032768 f    CIL library: CIL module
 0001:00031770       __ehhandler$@AsyncWaitForObject@4 10032770 f    CIL library: CIL module
 0001:0003177a       __ehhandler$@CancelRegistryChange@4 1003277a f    CIL library: CIL module
 0001:00031784       $L165037                   10032784 f    CIL library: CIL module
 0001:0003178f       $L165038                   1003278f f    CIL library: CIL module
 0001:00031797       __ehhandler$@FindRegistryChange@4 10032797 f    CIL library: CIL module
 0001:000317a1       $L165069                   100327a1 f    CIL library: CIL module
 0001:000317a9       __ehhandler$@CancelFileChangeEx@4 100327a9 f    CIL library: CIL module
 0001:000317b3       $L165141                   100327b3 f    CIL library: CIL module
 0001:000317bb       $L165142                   100327bb f    CIL library: CIL module
 0001:000317c6       $L165143                   100327c6 f    CIL library: CIL module
 0001:000317ce       $L165144                   100327ce f    CIL library: CIL module
 0001:000317d8       __ehhandler$@FindFileChangeEx@4 100327d8 f    CIL library: CIL module
 0001:000317e2       __ehhandler$@CancelFileChange@4 100327e2 f    CIL library: CIL module
 0001:000317ec       $L165233                   100327ec f    CIL library: CIL module
 0001:000317f7       $L165234                   100327f7 f    CIL library: CIL module
 0001:000317ff       __ehhandler$@FindFileChange@4 100327ff f    CIL library: CIL module
 0001:00031809       $L165298                   10032809 f    CIL library: CIL module
 0001:00031814       $L165299                   10032814 f    CIL library: CIL module
 0001:0003181f       $L165300                   1003281f f    CIL library: CIL module
 0001:00031827       $L165301                   10032827 f    CIL library: CIL module
 0001:00031834       __ehhandler$@UrlDownloadToFileEx@4 10032834 f    CIL library: CIL module
 0001:0003183e       $L165369                   1003283e f    CIL library: CIL module
 0001:00031849       $L165370                   10032849 f    CIL library: CIL module
 0001:00031851       $L165371                   10032851 f    CIL library: CIL module
 0001:0003185c       $L165372                   1003285c f    CIL library: CIL module
 0001:00031867       $L165373                   10032867 f    CIL library: CIL module
 0001:0003186f       __ehhandler$@WriteRegistryKey@4 1003286f f    CIL library: CIL module
 0001:00031879       $L165469                   10032879 f    CIL library: CIL module
 0001:00031884       $L165470                   10032884 f    CIL library: CIL module
 0001:0003188f       $L165471                   1003288f f    CIL library: CIL module
 0001:0003189a       __ehhandler$@RasDialEx@4   1003289a f    CIL library: CIL module
 0001:000318a4       $L165695                   100328a4 f    CIL library: CIL module
 0001:000318af       $L165696                   100328af f    CIL library: CIL module
 0001:000318b7       __ehhandler$@ASQLDrivers@4 100328b7 f    CIL library: CIL module
 0001:000318c1       $L165752                   100328c1 f    CIL library: CIL module
 0001:000318c9       $L165753                   100328c9 f    CIL library: CIL module
 0001:000318d4       __ehhandler$@ASQLDataSources@4 100328d4 f    CIL library: CIL module
 0001:000318de       $L165848                   100328de f    CIL library: CIL module
 0001:000318e8       __ehhandler$@CreateThreadObject@4 100328e8 f    CIL library: CIL module
 0001:000318f2       $L138835                   100328f2 f    CIL library: CIL module
 0001:000318fd       __ehhandler$??0VolumeMountPointSearch@@QAE@XZ 100328fd f    CIL library: CIL module
 0001:00031907       $L138889                   10032907 f    CIL library: CIL module
 0001:00031907       $L138877                   10032907 f    CIL library: CIL module
 0001:00031914       __ehhandler$??0WindowEnumParamEx@@QAE@XZ 10032914 f    CIL library: CIL module
 0001:00031914       __ehhandler$??0EnumParameter@@QAE@XZ 10032914 f    CIL library: CIL module
 0001:0003191e       $L139147                   1003291e f    CIL library: CIL module
 0001:00031926       __ehhandler$?Init@CFoxVersion@@CGXXZ 10032926 f    CIL library: CIL module
 0001:00031930       $L139341                   10032930 f    CIL library: CIL module
 0001:0003193b       $L139342                   1003293b f    CIL library: CIL module
 0001:00031946       __ehhandler$?ToLower@CComBSTR@ATL@@QAEJXZ 10032946 f    CIL library: CIL module
 0001:00031950       __ehhandler$?Rehash@?$CAtlMap@GPAVFindFileChangeExEntry@@V?$CElementTraits@G@ATL@@V?$CElementTraits@PAVFindFileChangeExEntry@@@3@@ATL@@QAEXI@Z 10032950 f    CIL library: CIL module
 0001:0003195a       $L141933                   1003295a f    CIL library: CIL module
 0001:00031962       __ehhandler$??1UrlDownloadThread@@QAE@XZ 10032962 f    CIL library: CIL module
 0001:0003196c       $L148805                   1003296c f    CIL library: CIL module
 0001:00031974       __ehhandler$?InitDispId@?$FoxComCallback@$03@@AAEXAAVFoxString@@@Z 10032974 f    CIL library: CIL module
 0001:0003197e       $L149437                   1003297e f    CIL library: CIL module
 0001:00031986       $L149438                   10032986 f    CIL library: CIL module
 0001:00031991       $L149439                   10032991 f    CIL library: CIL module
 0001:0003199c       __ehhandler$??1FindFileChangeExThread@@QAE@XZ 1003299c f    CIL library: CIL module
 0001:000319a6       _$E5                       100329a6 f   vfp2curlmon.obj
 0001:000319bc       _$E5                       100329bc f   vfp2curlmon.obj
 0001:000319d2       _$E1                       100329d2 f   winapims:apicsect.obj
 0001:000319e9       _$E5                       100329e9 f   atls:atlbase.obj
 0001:000319ff       _$E6                       100329ff f   vfp2curlmon.obj
 0001:00031a0c       _$E6                       10032a0c f   vfp2curlmon.obj
 0001:00031a16       _$E6                       10032a16 f   vfp2curlmon.obj
 0001:00031a20       _$E6                       10032a20 f   vfp2curlmon.obj
 0001:00031a2d       _$E2                       10032a2d f   winapims:apicsect.obj
 0001:00031a37       _$E6                       10032a37 f   atls:atlbase.obj
